[    0.000000] Initializing cgroup subsys cpuset
[    0.000000] Initializing cgroup subsys cpu
[    0.000000] Initializing cgroup subsys cpuacct
[    0.000000] Linux version 4.4.0-97-generic (buildd@lcy01-33) (gcc version 5.4.0 20160609 (Ubuntu 5.4.0-6ubuntu1~16.04.4) ) #120-Ubuntu SMP Tue Sep 19 17:28:18 UTC 2017 (Ubuntu 4.4.0-97.120-generic 4.4.87)
[    0.000000] Command line: BOOT_IMAGE=/boot/vmlinuz-4.4.0-97-generic root=LABEL=cloudimg-rootfs ro console=tty1 console=ttyS0
[    0.000000] KERNEL supported cpus:
[    0.000000]   Intel GenuineIntel
[    0.000000]   AMD AuthenticAMD
[    0.000000]   Centaur CentaurHauls
[    0.000000] x86/fpu: xstate_offset[2]:  576, xstate_sizes[2]:  256
[    0.000000] x86/fpu: Supporting XSAVE feature 0x01: 'x87 floating point registers'
[    0.000000] x86/fpu: Supporting XSAVE feature 0x02: 'SSE registers'
[    0.000000] x86/fpu: Supporting XSAVE feature 0x04: 'AVX registers'
[    0.000000] x86/fpu: Enabled xstate features 0x7, context size is 832 bytes, using 'standard' format.
[    0.000000] x86/fpu: Using 'lazy' FPU context switches.
[    0.000000] e820: BIOS-provided physical RAM map:
[    0.000000] BIOS-e820: [mem 0x0000000000000000-0x000000000009fbff] usable
[    0.000000] BIOS-e820: [mem 0x000000000009fc00-0x000000000009ffff] reserved
[    0.000000] BIOS-e820: [mem 0x00000000000f0000-0x00000000000fffff] reserved
[    0.000000] BIOS-e820: [mem 0x0000000000100000-0x000000003ffeffff] usable
[    0.000000] BIOS-e820: [mem 0x000000003fff0000-0x000000003fffffff] ACPI data
[    0.000000] BIOS-e820: [mem 0x00000000fec00000-0x00000000fec00fff] reserved
[    0.000000] BIOS-e820: [mem 0x00000000fee00000-0x00000000fee00fff] reserved
[    0.000000] BIOS-e820: [mem 0x00000000fffc0000-0x00000000ffffffff] reserved
[    0.000000] NX (Execute Disable) protection: active
[    0.000000] SMBIOS 2.5 present.
[    0.000000] Hypervisor detected: KVM
[    0.000000] e820: last_pfn = 0x3fff0 max_arch_pfn = 0x400000000
[    0.000000] MTRR: Disabled
[    0.000000] x86/PAT: MTRRs disabled, skipping PAT initialization too.
[    0.000000] CPU MTRRs all blank - virtualized system.
[    0.000000] x86/PAT: Configuration [0-7]: WB  WT  UC- UC  WB  WT  UC- UC  
[    0.000000] found SMP MP-table at [mem 0x0009fff0-0x0009ffff] mapped at [ffff88000009fff0]
[    0.000000] Scanning 1 areas for low memory corruption
[    0.000000] RAMDISK: [mem 0x36adc000-0x37565fff]
[    0.000000] ACPI: Early table checksum verification disabled
[    0.000000] ACPI: RSDP 0x00000000000E0000 000024 (v02 VBOX  )
[    0.000000] ACPI: XSDT 0x000000003FFF0030 00003C (v01 VBOX   VBOXXSDT 00000001 ASL  00000061)
[    0.000000] ACPI: FACP 0x000000003FFF00F0 0000F4 (v04 VBOX   VBOXFACP 00000001 ASL  00000061)
[    0.000000] ACPI: DSDT 0x000000003FFF0470 0021FF (v02 VBOX   VBOXBIOS 00000002 INTL 20100528)
[    0.000000] ACPI: FACS 0x000000003FFF0200 000040
[    0.000000] ACPI: FACS 0x000000003FFF0200 000040
[    0.000000] ACPI: APIC 0x000000003FFF0240 00005C (v02 VBOX   VBOXAPIC 00000001 ASL  00000061)
[    0.000000] ACPI: SSDT 0x000000003FFF02A0 0001CC (v01 VBOX   VBOXCPUT 00000002 INTL 20100528)
[    0.000000] No NUMA configuration found
[    0.000000] Faking a node at [mem 0x0000000000000000-0x000000003ffeffff]
[    0.000000] NODE_DATA(0) allocated [mem 0x3ffeb000-0x3ffeffff]
[    0.000000] kvm-clock: Using msrs 4b564d01 and 4b564d00
[    0.000000] kvm-clock: cpu 0, msr 0:3ffe3001, primary cpu clock
[    0.000000] kvm-clock: using sched offset of 3136499869 cycles
[    0.000000] clocksource: kvm-clock: mask: 0xffffffffffffffff max_cycles: 0x1cd42e4dffb, max_idle_ns: 881590591483 ns
[    0.000000] Zone ranges:
[    0.000000]   DMA      [mem 0x0000000000001000-0x0000000000ffffff]
[    0.000000]   DMA32    [mem 0x0000000001000000-0x000000003ffeffff]
[    0.000000]   Normal   empty
[    0.000000]   Device   empty
[    0.000000] Movable zone start for each node
[    0.000000] Early memory node ranges
[    0.000000]   node   0: [mem 0x0000000000001000-0x000000000009efff]
[    0.000000]   node   0: [mem 0x0000000000100000-0x000000003ffeffff]
[    0.000000] Initmem setup node 0 [mem 0x0000000000001000-0x000000003ffeffff]
[    0.000000] ACPI: PM-Timer IO Port: 0x4008
[    0.000000] IOAPIC[0]: apic_id 2, version 32, address 0xfec00000, GSI 0-23
[    0.000000] ACPI: INT_SRC_OVR (bus 0 bus_irq 0 global_irq 2 dfl dfl)
[    0.000000] ACPI: INT_SRC_OVR (bus 0 bus_irq 9 global_irq 9 high level)
[    0.000000] Using ACPI (MADT) for SMP configuration information
[    0.000000] smpboot: Allowing 2 CPUs, 0 hotplug CPUs
[    0.000000] PM: Registered nosave memory: [mem 0x00000000-0x00000fff]
[    0.000000] PM: Registered nosave memory: [mem 0x0009f000-0x0009ffff]
[    0.000000] PM: Registered nosave memory: [mem 0x000a0000-0x000effff]
[    0.000000] PM: Registered nosave memory: [mem 0x000f0000-0x000fffff]
[    0.000000] e820: [mem 0x40000000-0xfebfffff] available for PCI devices
[    0.000000] Booting paravirtualized kernel on KVM
[    0.000000] clocksource: refined-jiffies: mask: 0xffffffff max_cycles: 0xffffffff, max_idle_ns: 7645519600211568 ns
[    0.000000] setup_percpu: NR_CPUS:512 nr_cpumask_bits:512 nr_cpu_ids:2 nr_node_ids:1
[    0.000000] PERCPU: Embedded 34 pages/cpu @ffff88003fc00000 s98328 r8192 d32744 u1048576
[    0.000000] PV qspinlock hash table entries: 256 (order: 0, 4096 bytes)
[    0.000000] Built 1 zonelists in Node order, mobility grouping on.  Total pages: 257913
[    0.000000] Policy zone: DMA32
[    0.000000] Kernel command line: BOOT_IMAGE=/boot/vmlinuz-4.4.0-97-generic root=LABEL=cloudimg-rootfs ro console=tty1 console=ttyS0
[    0.000000] PID hash table entries: 4096 (order: 3, 32768 bytes)
[    0.000000] Memory: 1001772K/1048120K available (8480K kernel code, 1294K rwdata, 3984K rodata, 1492K init, 1316K bss, 46348K reserved, 0K cma-reserved)
[    0.000000] SLUB: HWalign=64, Order=0-3, MinObjects=0, CPUs=2, Nodes=1
[    0.000000] Hierarchical RCU implementation.
[    0.000000] 	Build-time adjustment of leaf fanout to 64.
[    0.000000] 	RCU restricting CPUs from NR_CPUS=512 to nr_cpu_ids=2.
[    0.000000] RCU: Adjusting geometry for rcu_fanout_leaf=64, nr_cpu_ids=2
[    0.000000] NR_IRQS:33024 nr_irqs:440 16
[    0.000000] Console: colour VGA+ 80x25
[    0.000000] console [tty1] enabled
[    0.000000] console [ttyS0] enabled
[    0.000000] tsc: Detected 1599.999 MHz processor
[    2.843768] Calibrating delay loop (skipped) preset value.. 3199.99 BogoMIPS (lpj=6399996)
[    2.856593] pid_max: default: 32768 minimum: 301
[    2.857801] ACPI: Core revision 20150930
[    2.868297] ACPI: 2 ACPI AML tables successfully acquired and loaded
[    2.915556] Security Framework initialized
[    2.938514] Yama: becoming mindful.
[    2.957637] AppArmor: AppArmor initialized
[    2.974835] Dentry cache hash table entries: 131072 (order: 8, 1048576 bytes)
[    3.031163] Inode-cache hash table entries: 65536 (order: 7, 524288 bytes)
[    3.054706] Mount-cache hash table entries: 2048 (order: 2, 16384 bytes)
[    3.084672] Mountpoint-cache hash table entries: 2048 (order: 2, 16384 bytes)
[    3.086867] Initializing cgroup subsys io
[    3.088044] Initializing cgroup subsys memory
[    3.108947] Initializing cgroup subsys devices
[    3.136696] Initializing cgroup subsys freezer
[    3.137952] Initializing cgroup subsys net_cls
[    3.139302] Initializing cgroup subsys perf_event
[    3.149132] Initializing cgroup subsys net_prio
[    3.188966] Initializing cgroup subsys hugetlb
[    3.196018] Initializing cgroup subsys pids
[    3.263783] CPU: Physical Processor ID: 0
[    3.269585] CPU: Processor Core ID: 0
[    3.271665] mce: CPU supports 0 MCE banks
[    3.272865] Last level iTLB entries: 4KB 64, 2MB 8, 4MB 8
[    3.298112] Last level dTLB entries: 4KB 64, 2MB 0, 4MB 0, 1GB 4
[    3.308694] Freeing SMP alternatives memory: 32K
[    3.340089] ftrace: allocating 32148 entries in 126 pages
[    3.424941] smpboot: APIC(0) Converting physical 0 to logical package 0
[    3.458226] smpboot: Max logical packages: 1
[    3.467272] x2apic enabled
[    3.499681] Switched APIC routing to physical x2apic.
[    3.551690] ..TIMER: vector=0x30 apic1=0 pin1=2 apic2=-1 pin2=-1
[    3.742847] smpboot: CPU0: Intel(R) Core(TM) i5-5250U CPU @ 1.60GHz (family: 0x6, model: 0x3d, stepping: 0x4)
[    3.788832] Performance Events: unsupported p6 CPU model 61 no PMU driver, software events only.
[    3.874036] KVM setup paravirtual spinlock
[    3.894906] x86: Booting SMP configuration:
[    3.901780] .... node  #0, CPUs:      #1
[    3.935042] kvm-clock: cpu 1, msr 0:3ffe3041, secondary cpu clock
[    3.945963] mce: CPU supports 0 MCE banks
[    3.959135] x86: Booted up 1 node, 2 CPUs
[    3.985650] smpboot: Total of 2 processors activated (6399.99 BogoMIPS)
[    4.014556] devtmpfs: initialized
[    4.054069] evm: security.selinux
[    4.084484] evm: security.SMACK64
[    4.085412] evm: security.SMACK64EXEC
[    4.111542] evm: security.SMACK64TRANSMUTE
[    4.155499] evm: security.SMACK64MMAP
[    4.201167] evm: security.ima
[    4.223555] evm: security.capability
[    4.254490] clocksource: jiffies: mask: 0xffffffff max_cycles: 0xffffffff, max_idle_ns: 7645041785100000 ns
[    4.338136] futex hash table entries: 512 (order: 3, 32768 bytes)
[    4.377966] pinctrl core: initialized pinctrl subsystem
[    4.405053] RTC time: 12:37:38, date: 10/18/17
[    4.454936] NET: Registered protocol family 16
[    4.507557] cpuidle: using governor ladder
[    4.563812] cpuidle: using governor menu
[    4.592372] PCCT header not found.
[    4.607187] ACPI: bus type PCI registered
[    4.621782] acpiphp: ACPI Hot Plug PCI Controller Driver version: 0.5
[    4.674283] PCI: Using configuration type 1 for base access
[    4.688772] ACPI: Added _OSI(Module Device)
[    4.728113] ACPI: Added _OSI(Processor Device)
[    4.749433] ACPI: Added _OSI(3.0 _SCP Extensions)
[    4.795280] ACPI: Added _OSI(Processor Aggregator Device)
[    4.809958] ACPI: Executed 1 blocks of module-level executable AML code
[    4.848903] ACPI: Interpreter enabled
[    4.855863] ACPI: (supports S0 S5)
[    4.856920] ACPI: Using IOAPIC for interrupt routing
[    4.858551] PCI: Using host bridge windows from ACPI; if necessary, use "pci=nocrs" and report a bug
[    4.889562] ACPI: PCI Root Bridge [PCI0] (domain 0000 [bus 00-ff])
[    4.931944] acpi PNP0A03:00: _OSC: OS supports [ASPM ClockPM Segments MSI]
[    4.998210] acpi PNP0A03:00: _OSC: not requesting OS control; OS requires [ExtendedConfig ASPM ClockPM MSI]
[    5.062089] acpi PNP0A03:00: fail to add MMCONFIG information, can't access extended PCI configuration space under this bridge.
[    5.177476] PCI host bridge to bus 0000:00
[    5.191257] pci_bus 0000:00: root bus resource [io  0x0000-0x0cf7 window]
[    5.197125] pci_bus 0000:00: root bus resource [io  0x0d00-0xffff window]
[    5.198786] pci_bus 0000:00: root bus resource [mem 0x000a0000-0x000bffff window]
[    5.200932] pci_bus 0000:00: root bus resource [mem 0x40000000-0xffdfffff window]
[    5.256062] pci_bus 0000:00: root bus resource [bus 00-ff]
[    5.289792] pci 0000:00:01.1: legacy IDE quirk: reg 0x10: [io  0x01f0-0x01f7]
[    5.360344] pci 0000:00:01.1: legacy IDE quirk: reg 0x14: [io  0x03f6]
[    5.406218] pci 0000:00:01.1: legacy IDE quirk: reg 0x18: [io  0x0170-0x0177]
[    5.462067] pci 0000:00:01.1: legacy IDE quirk: reg 0x1c: [io  0x0376]
[    5.550123] pci 0000:00:07.0: quirk: [io  0x4000-0x403f] claimed by PIIX4 ACPI
[    5.678035] pci 0000:00:07.0: quirk: [io  0x4100-0x410f] claimed by PIIX4 SMB
[    5.745464] ACPI: PCI Interrupt Link [LNKA] (IRQs 5 9 10 *11)
[    5.808628] ACPI: PCI Interrupt Link [LNKB] (IRQs 5 9 10 *11)
[    5.853782] ACPI: PCI Interrupt Link [LNKC] (IRQs 5 9 *10 11)
[    5.901704] ACPI: PCI Interrupt Link [LNKD] (IRQs 5 *9 10 11)
[    5.964891] ACPI: Enabled 2 GPEs in block 00 to 07
[    5.977907] vgaarb: setting as boot device: PCI:0000:00:02.0
[    6.025116] vgaarb: device added: PCI:0000:00:02.0,decodes=io+mem,owns=io+mem,locks=none
[    6.114039] vgaarb: loaded
[    6.135726] vgaarb: bridge control possible 0000:00:02.0
[    6.193148] SCSI subsystem initialized
[    6.219110] ACPI: bus type USB registered
[    6.257713] usbcore: registered new interface driver usbfs
[    6.306293] usbcore: registered new interface driver hub
[    6.365327] usbcore: registered new device driver usb
[    6.400899] PCI: Using ACPI for IRQ routing
[    6.421452] NetLabel: Initializing
[    6.422433] NetLabel:  domain hash size = 128
[    6.450871] NetLabel:  protocols = UNLABELED CIPSOv4
[    6.478095] NetLabel:  unlabeled traffic allowed by default
[    6.534479] amd_nb: Cannot enumerate AMD northbridges
[    6.582055] clocksource: Switched to clocksource kvm-clock
[    6.612670] AppArmor: AppArmor Filesystem Enabled
[    6.689178] pnp: PnP ACPI init
[    6.725249] pnp: PnP ACPI: found 3 devices
[    6.766797] clocksource: acpi_pm: mask: 0xffffff max_cycles: 0xffffff, max_idle_ns: 2085701024 ns
[    6.894696] NET: Registered protocol family 2
[    6.990852] TCP established hash table entries: 8192 (order: 4, 65536 bytes)
[    7.079613] TCP bind hash table entries: 8192 (order: 5, 131072 bytes)
[    7.116803] TCP: Hash tables configured (established 8192 bind 8192)
[    7.193505] UDP hash table entries: 512 (order: 2, 16384 bytes)
[    7.213820] UDP-Lite hash table entries: 512 (order: 2, 16384 bytes)
[    7.220281] NET: Registered protocol family 1
[    7.278604] pci 0000:00:00.0: Limiting direct PCI/PCI transfers
[    7.369244] pci 0000:00:01.0: Activating ISA DMA hang workarounds
[    7.389198] Unpacking initramfs...
[    9.579248] Freeing initrd memory: 10792K
[    9.665502] RAPL PMU detected, API unit is 2^-32 Joules, 4 fixed counters 10737418240 ms ovfl timer
[    9.736257] hw unit of domain pp0-core 2^-0 Joules
[    9.737582] hw unit of domain package 2^-0 Joules
[    9.785108] hw unit of domain dram 2^-0 Joules
[    9.830838] hw unit of domain pp1-gpu 2^-0 Joules
[    9.873453] platform rtc_cmos: registered platform RTC device (no PNP device found)
[    9.935324] Scanning for low memory corruption every 60 seconds
[   10.010419] audit: initializing netlink subsys (disabled)
[   10.050954] audit: type=2000 audit(1508330262.527:1): initialized
[   10.076557] Initialise system trusted keyring
[   10.134456] HugeTLB registered 2 MB page size, pre-allocated 0 pages
[   10.225885] zbud: loaded
[   10.251457] VFS: Disk quotas dquot_6.6.0
[   10.319293] VFS: Dquot-cache hash table entries: 512 (order 0, 4096 bytes)
[   10.428773] squashfs: version 4.0 (2009/01/31) Phillip Lougher
[   10.462623] fuse init (API version 7.23)
[   10.494463] Key type big_key registered
[   10.507345] Allocating IMA MOK and blacklist keyrings.
[   10.536668] Key type asymmetric registered
[   10.550337] Asymmetric key parser 'x509' registered
[   10.557911] Block layer SCSI generic (bsg) driver version 0.4 loaded (major 249)
[   10.591206] io scheduler noop registered
[   10.592381] io scheduler deadline registered (default)
[   10.604985] io scheduler cfq registered
[   10.655599] pci_hotplug: PCI Hot Plug PCI Core version: 0.5
[   10.667022] pciehp: PCI Express Hot Plug Controller Driver version: 0.4
[   10.754174] ACPI: AC Adapter [AC] (off-line)
[   10.828029] input: Power Button as /devices/LNXSYSTM:00/LNXPWRBN:00/input/input0
[   10.870095] tsc: Refined TSC clocksource calibration: 1599.818 MHz
[   10.870098] clocksource: tsc: mask: 0xffffffffffffffff max_cycles: 0x170f7910733, max_idle_ns: 440795272755 ns
[   11.114724] ACPI: Power Button [PWRF]
[   11.145114] input: Sleep Button as /devices/LNXSYSTM:00/LNXSLPBN:00/input/input1
[   11.234108] ACPI: Sleep Button [SLPF]
[   11.255461] ACPI: Battery Slot [BAT0] (battery present)
[   11.285851] GHES: HEST is not enabled!
[   11.330720] Serial: 8250/16550 driver, 32 ports, IRQ sharing enabled
[   11.443126] 00:02: ttyS0 at I/O 0x3f8 (irq = 4, base_baud = 115200) is a 16550A
[   11.507490] Linux agpgart interface v0.103
[   11.558409] loop: module loaded
[   11.583329] scsi host0: ata_piix
[   11.604577] scsi host1: ata_piix
[   11.618531] ata1: PATA max UDMA/33 cmd 0x1f0 ctl 0x3f6 bmdma 0xd000 irq 14
[   11.632573] ata2: PATA max UDMA/33 cmd 0x170 ctl 0x376 bmdma 0xd008 irq 15
[   11.647674] libphy: Fixed MDIO Bus: probed
[   11.653773] tun: Universal TUN/TAP device driver, 1.6
[   11.667883] tun: (C) 1999-2004 Max Krasnyansky <maxk@qualcomm.com>
[   11.689884] PPP generic driver version 2.4.2
[   11.692754] ehci_hcd: USB 2.0 'Enhanced' Host Controller (EHCI) Driver
[   11.773135] ehci-pci: EHCI PCI platform driver
[   11.784264] ehci-platform: EHCI generic platform driver
[   11.798287] ohci_hcd: USB 1.1 'Open' Host Controller (OHCI) Driver
[   11.800103] ohci-pci: OHCI PCI platform driver
[   11.831946] ohci-platform: OHCI generic platform driver
[   11.841661] uhci_hcd: USB Universal Host Controller Interface driver
[   11.844533] i8042: PNP: PS/2 Controller [PNP0303:PS2K,PNP0f03:PS2M] at 0x60,0x64 irq 1,12
[   11.866731] serio: i8042 KBD port at 0x60,0x64 irq 1
[   11.872884] serio: i8042 AUX port at 0x60,0x64 irq 12
[   11.931234] mousedev: PS/2 mouse device common for all mice
[   11.946413] rtc_cmos rtc_cmos: rtc core: registered rtc_cmos as rtc0
[   11.967371] rtc_cmos rtc_cmos: alarms up to one day, 114 bytes nvram
[   11.983817] i2c /dev entries driver
[   11.995665] input: AT Translated Set 2 keyboard as /devices/platform/i8042/serio0/input/input2
[   12.013684] device-mapper: uevent: version 1.0.3
[   12.063665] device-mapper: ioctl: 4.34.0-ioctl (2015-10-28) initialised: dm-devel@redhat.com
[   12.096755] ledtrig-cpu: registered to indicate activity on CPUs
[   12.132350] NET: Registered protocol family 10
[   12.173619] NET: Registered protocol family 17
[   12.241076] Key type dns_resolver registered
[   12.248168] microcode: CPU0 sig=0x306d4, pf=0x40, revision=0x0
[   12.271000] microcode: CPU1 sig=0x306d4, pf=0x40, revision=0x0
[   12.287710] microcode: Microcode Update Driver: v2.01 <tigran@aivazian.fsnet.co.uk>, Peter Oruba
[   12.308145] registered taskstats version 1
[   12.323872] Loading compiled-in X.509 certificates
[   12.356633] Loaded X.509 cert 'Build time autogenerated kernel key: d1010f9627fd9242df4b03365d2931dfd1ad3d42'
[   12.523976] zswap: loaded using pool lzo/zbud
[   12.563432] Key type trusted registered
[   12.580022] Key type encrypted registered
[   12.588489] AppArmor: AppArmor sha1 policy hashing enabled
[   12.598808] ima: No TPM chip found, activating TPM-bypass!
[   12.612857] evm: HMAC attrs: 0x1
[   12.625859]   Magic number: 5:231:633
[   12.668387] rtc_cmos rtc_cmos: setting system clock to 2017-10-18 12:37:46 UTC (1508330266)
[   12.695120] BIOS EDD facility v0.16 2004-Jun-25, 0 devices found
[   12.745168] EDD information not available.
[   12.766998] Freeing unused kernel memory: 1492K
[   12.771926] Write protecting the kernel read-only data: 14336k
[   12.777186] Freeing unused kernel memory: 1748K
[   12.783077] Freeing unused kernel memory: 112K
Loading, please wait...
[   12.805122] random: systemd-udevd: uninitialized urandom read (16 bytes read, 5 bits of entropy available)
starting version[   12.806220] random: udevadm: uninitialized urandom read (16 bytes read, 5 bits of entropy available)
 229
[   12.806280] random: udevadm: uninitialized urandom read (16 bytes read, 5 bits of entropy available)
[   12.806460] random: udevadm: uninitialized urandom read (16 bytes read, 5 bits of entropy available)
[   12.806617] random: udevadm: uninitialized urandom read (16 bytes read, 5 bits of entropy available)
[   12.806693] random: udevadm: uninitialized urandom read (16 bytes read, 5 bits of entropy available)
[   12.806778] random: udevadm: uninitialized urandom read (16 bytes read, 5 bits of entropy available)
[   12.806842] random: udevadm: uninitialized urandom read (16 bytes read, 5 bits of entropy available)
[   12.806912] random: udevadm: uninitialized urandom read (16 bytes read, 5 bits of entropy available)
[   12.806977] random: udevadm: uninitialized urandom read (16 bytes read, 5 bits of entropy available)
[   13.332273] e1000: Intel(R) PRO/1000 Network Driver - version 7.3.21-k8-NAPI
[   13.361529] e1000: Copyright (c) 1999-2006 Intel Corporation.
[   13.367822] Fusion MPT base driver 3.04.20
[   13.371189] Copyright (c) 1999-2008 LSI Corporation
[   13.397418] AVX version of gcm_enc/dec engaged.
[   13.423768] AES CTR mode by8 optimization enabled
[   13.426657] Fusion MPT SPI Host driver 3.04.20
[   13.578626] input: ImExPS/2 Generic Explorer Mouse as /devices/platform/i8042/serio1/input/input4
[   13.795511] e1000 0000:00:03.0 eth0: (PCI:33MHz:32-bit) 02:14:68:3e:84:47
[   13.850935] e1000 0000:00:03.0 eth0: Intel(R) PRO/1000 Network Connection
[   13.862475] mptbase: ioc0: Initiating bringup
[   13.978537] ioc0: LSI53C1030 A0: Capabilities={Initiator}
[   14.251518] scsi host2: ioc0: LSI53C1030 A0, FwRev=00000000h, Ports=1, MaxQ=256, IRQ=20
[   14.456786] scsi 2:0:0:0: Direct-Access     VBOX     HARDDISK         1.0  PQ: 0 ANSI: 5
[   14.530060] scsi target2:0:0: Beginning Domain Validation
[   14.599379] scsi target2:0:0: Domain Validation skipping write tests
[   14.608356] scsi target2:0:0: Ending Domain Validation
[   14.609947] scsi target2:0:0: asynchronous
[   14.615880] scsi 2:0:1:0: Direct-Access     VBOX     HARDDISK         1.0  PQ: 0 ANSI: 5
[   14.671663] scsi target2:0:1: Beginning Domain Validation
[   14.681309] scsi target2:0:1: Domain Validation skipping write tests
[   14.695825] scsi target2:0:1: Ending Domain Validation
[   14.697397] scsi target2:0:1: asynchronous
[   14.707377] sd 2:0:0:0: Attached scsi generic sg0 type 0
[   14.716205] sd 2:0:0:0: [sda] 20971520 512-byte logical blocks: (10.7 GB/10.0 GiB)
[   14.726051] sd 2:0:1:0: Attached scsi generic sg1 type 0
[   14.729158] sd 2:0:1:0: [sdb] 20480 512-byte logical blocks: (10.5 MB/10.0 MiB)
[   14.749923] sd 2:0:0:0: [sda] Write Protect is off
[   14.760908] sd 2:0:1:0: [sdb] Write Protect is off
[   14.762383] sd 2:0:0:0: [sda] Incomplete mode parameter data
[   14.764041] sd 2:0:0:0: [sda] Assuming drive cache: write through
[   14.765776] sd 2:0:1:0: [sdb] Incomplete mode parameter data
[   14.768499] sd 2:0:1:0: [sdb] Assuming drive cache: write through
[   14.781801]  sda: sda1
[   14.784956] sd 2:0:0:0: [sda] Attached SCSI disk
[   14.820003] sd 2:0:1:0: [sdb] Attached SCSI disk
[   14.959577] e1000 0000:00:08.0 eth1: (PCI:33MHz:32-bit) 08:00:27:1e:b5:cd
[   14.977077] e1000 0000:00:08.0 eth1: Intel(R) PRO/1000 Network Connection
[   14.989739] e1000 0000:00:03.0 enp0s3: renamed from eth0
[   15.026591] e1000 0000:00:08.0 enp0s8: renamed from eth1
[   16.431061] floppy0: no floppy controllers found
Begin: Loading e[   17.866610] md: linear personality registered for level -1
ssential drivers[   17.930154] md: multipath personality registered for level -4
 ... [   17.968857] md: raid0 personality registered for level 0
[   18.017937] md: raid1 personality registered for level 1
[   18.146094] raid6: sse2x1   gen()  7259 MB/s
[   18.258260] raid6: sse2x1   xor()  6081 MB/s
[   18.350085] raid6: sse2x2   gen()  8597 MB/s
[   18.454497] raid6: sse2x2   xor()  4429 MB/s
[   18.546254] raid6: sse2x4   gen()  9940 MB/s
[   18.654115] raid6: sse2x4   xor()  7878 MB/s
[   18.707480] raid6: using algorithm sse2x4 gen() 9940 MB/s
[   18.738909] raid6: .... xor() 7878 MB/s, rmw enabled
[   18.799019] raid6: using ssse3x2 recovery algorithm
[   18.836533] xor: automatically using best checksumming function:
[   18.879049]    avx       : 19479.000 MB/sec
[   18.916069] async_tx: api initialized (async)
[   18.967766] md: raid6 personality registered for level 6
[   19.019312] md: raid5 personality registered for level 5
[   19.080006] md: raid4 personality registered for level 4
[   19.153129] md: raid10 personality registered for level 10
done.
Begin: Running /scripts/init-premount ... done.
Begin: Mounti[   19.213246] Btrfs loaded
ng root file system ... Begin: Running /scripts/local-top ... done.
Begin: Running /scripts/local-premount ... Scanning for Btrfs filesystems
done.
Warning: fsck no[   19.246861] EXT4-fs (sda1): mounted filesystem with ordered data mode. Opts: (null)
t present, so skipping root file system
done.
Begin: Running /scripts/local-bottom ... done.
Begin: Running /scripts/init-bottom ... done.
[   19.427016] systemd[1]: systemd 229 running in system mode. (+PAM +AUDIT +SELINUX +IMA +APPARMOR +SMACK +SYSVINIT +UTMP +LIBCRYPTSETUP +GCRYPT +GNUTLS +ACL +XZ -LZ4 +SECCOMP +BLKID +ELFUTILS +KMOD -IDN)
[   19.492526] systemd[1]: Detected virtualization oracle.
[   19.519206] systemd[1]: Detected architecture x86-64.

Welcome to [1mUbuntu 16.04.3 LTS[0m!

[   19.619404] systemd[1]: Set hostname to <ubuntu>.
[   19.639777] systemd[1]: Initializing machine ID from random generator.
[   19.720023] systemd[1]: Installed transient /etc/machine-id file.
[   19.883004] systemd[1]: Created slice System Slice.
[[0;32m  OK  [0m] Created slice System Slice.
[   19.936421] systemd[1]: Created slice system-serial\x2dgetty.slice.
[[0;32m  OK  [0m] Created slice system-serial\x2dgetty.slice.
[   20.014901] systemd[1]: Started Trigger resolvconf update for networkd DNS.
[[0;32m  OK  [0m] Started Trigger resolvconf update for networkd DNS.
[   20.099154] systemd[1]: Reached target Swap.
[[0;32m  OK  [0m] Reached target Swap.
[   20.210748] systemd[1]: Reached target Encrypted Volumes.
[[0;32m  OK  [0m] Reached target Encrypted Volumes.
[   20.322926] systemd[1]: Listening on Journal Socket.
[[0;32m  OK  [0m] Listening on Journal Socket.
[   20.402983] systemd[1]: Starting Nameserver information manager...
[   20.450746] random: nonblocking pool is initialized
         Starting Nameserver information manager...
[   20.558767] systemd[1]: Starting Set console keymap...
         Starting Set console keymap...
[   20.579542] systemd[1]: Starting Remount Root and Kernel File Systems...
         [   20.637941] EXT4-fs (sda1): re-mounted. Opts: (null)
Starting Remount Root and Kernel File Systems...
[   20.706992] systemd[1]: Mounting POSIX Message Queue File System...
         Mounting POSIX Message Queue File System...
[   20.766654] systemd[1]: Listening on Device-mapper event daemon FIFOs.
[[0;32m  OK  [0m] Listening on Device-mapper event daemon FIFOs.
[   20.827733] systemd[1]: Started Forward Password Requests to Wall Directory Watch.
[[0;32m  OK  [0m] Started Forward Password Requests to Wall Directory Watch.
[   20.886492] systemd[1]: Starting Load Kernel Modules...
         Starting Load Ke[   20.902617] Loading iSCSI transport class v2.0-870.
rnel Modules...[   20.942128] iscsi: registered transport (tcp)

[   21.023946] systemd[1]: Listening on Journal Socket (/dev/log).
[[0;32m  OK  [0m] Listening on Journal Socket (/dev/log).
[   21.034946] systemd[1]: Reached target User and Group Name Lookups.
[[0;32m  OK  [0m] Reached target User and Group Name Lookups.
[   21.063457] iscsi: registered transport (iser)
[   21.098777] systemd[1]: Mounting Huge Pages File System...
         Mounting Huge Pages File System...
[   21.150810] systemd[1]: Listening on Journal Audit Socket.
[[0;32m  OK  [0m] Listening on Journal Audit Socket.
[   21.251143] systemd[1]: Listening on udev Control Socket.
[[0;32m  OK  [0m] Listening on udev Control Socket.
[   21.366715] systemd[1]: Listening on LVM2 metadata daemon socket.
[[0;32m  OK  [0m] Listening on LVM2 metadata daemon socket.
[   21.479035] systemd[1]: Starting Monitoring of LVM2 mirrors, snapshots etc. using dmeventd or progress polling...
         Starting Monitoring of LVM2 mirrors... dmeventd or progress polling...
[   21.579256] systemd[1]: Starting Uncomplicated firewall...
         Starting Uncomplicated firewall...
[   21.639270] systemd[1]: Listening on Syslog Socket.
[[0;32m  OK  [0m] Listening on Syslog Socket.
[   21.742533] systemd[1]: Mounting Debug File System...
         Mounting Debug File System...
[   21.826826] systemd[1]: Listening on /dev/initctl Compatibility Named Pipe.
[[0;32m  OK  [0m] Listening on /dev/initctl Compatibility Named Pipe.
[   21.850535] systemd[1]: Starting Journal Service...
         Starting Journal Service...
[   21.946672] systemd[1]: Starting Create list of required static device nodes for the current kernel...
         Starting Create list of required st... nodes for the current kernel...
[   22.019002] systemd[1]: Created slice User and Session Slice.
[[0;32m  OK  [0m] Created slice User and Session Slice.
[   22.134690] systemd[1]: Reached target Slices.
[[0;32m  OK  [0m] Reached target Slices.
[   22.207063] systemd[1]: Listening on LVM2 poll daemon socket.
[[0;32m  OK  [0m] Listening on LVM2 poll daemon socket.
[   22.291157] systemd[1]: Listening on udev Kernel Socket.
[[0;32m  OK  [0m] Listening on udev Kernel Socket.
[   22.443189] systemd[1]: Set up automount Arbitrary Executable File Formats File System Automount Point.
[[0;32m  OK  [0m] Set up automount Arbitrary Executab...ats File System Automount Point.
[   22.644120] systemd[1]: Mounted Debug File System.
[[0;32m  OK  [0m] Mounted Debug File System.
[   22.691365] systemd[1]: Mounted Huge Pages File System.
[[0;32m  OK  [0m] Mounted Huge Pages File System.
[   22.802664] systemd[1]: Mounted POSIX Message Queue File System.
[[0;32m  OK  [0m] Mounted POSIX Message Queue File System.
[   22.878789] systemd[1]: Started Journal Service.
[[0;32m  OK  [0m] Started Journal Service.
[[0;32m  OK  [0m] Started Set console keymap.
[[0;32m  OK  [0m] Started Remount Root and Kernel File Systems.
[[0;32m  OK  [0m] Started Load Kernel Modules.
[[0;32m  OK  [0m] Started Uncomplicated firewall.
[[0;32m  OK  [0m] Started Create list of required sta...ce nodes for the current kernel.
[[0;32m  OK  [0m] Started Nameserver information manager.
[[0;32m  OK  [0m] Started LVM2 metadata daemon.
         Starting Create Static Device Nodes in /dev...
         Mounting FUSE Control File System...
         Starting Apply Kernel Variables...
         Starting Initial cloud-init job (pre-networking)...
         Starting udev Coldplug all Devices...
         Starting Load/Save Random Seed...
         Starting Flush Journal to Persistent Storage...
[[0;32m  OK  [0m] Mounted FUSE Control File System.
[[0;32m  OK  [0m] Started Create Static Device Nodes in /dev.
[[0;32m  OK  [0m] Started Apply Kernel Variables.
[[0;32m  OK  [0m] Started Load/Save Random Seed.
[[0;32m  OK  [0m] Started udev Coldplug all Devices.
[[0;32m  OK  [0m] Started Flush Journal to Persistent Storage.
[[0;32m  OK  [0m] Started Monitoring of LVM2 mirrors,...ng dmeventd or progress polling.
         Starting udev Kernel Device Manager...
[[0;32m  OK  [0m] Started udev Kernel Device Manager.
[[0;32m  OK  [0m] Reached target Local File Systems (Pre).
[[0;32m  OK  [0m] Reached target Local File Systems.
         Starting Tell Plymouth To Write Out Runtime Data...
         Starting Create Volatile Files and Directories...
         Starting Commit a transient machine-id on disk...
         Starting LSB: AppArmor initialization...
         Starting Set console font and keymap...
[[0;32m  OK  [0m] Started Dispatch Password Requests to Console Directory Watch.
[[0;32m  OK  [0m] Started Tell Plymouth To Write Out Runtime Data.
[[0;32m  OK  [0m] Started Create Volatile Files and Directories.
[[0;32m  OK  [0m] Started Commit a transient machine-id on disk.
[[0;32m  OK  [0m] Found device /dev/ttyS0.
[   18.503704] cloud-init[451]: Cloud-init v. 0.7.9 running 'init-local' at Wed, 18 Oct 2017 12:37:57 +0000. Up 17.93 seconds.
[[0;32m  OK  [0m] Listening on Load/Save RF Kill Switch Status /dev/rfkill Watch.
[[0;32m  OK  [0m] Reached target System Time Synchronized.
         Starting Update UTMP about System Boot/Shutdown...
[[0;32m  OK  [0m] Started LSB: AppArmor initialization.
[[0;32m  OK  [0m] Started Set console font and keymap.
[[0;32m  OK  [0m] Started Initial cloud-init job (pre-networking).
[[0;32m  OK  [0m] Started Update UTMP about System Boot/Shutdown.
[[0;32m  OK  [0m] Reached target Network (Pre).
[[0;32m  OK  [0m] Created slice system-getty.slice.
         Starting Raise network interfaces...
[[0;32m  OK  [0m] Started Raise network interfaces.
[[0;32m  OK  [0m] Reached target Network.
         Starting Initial cloud-init job (metadata service crawler)...
[   22.539070] cloud-init[938]: Cloud-init v. 0.7.9 running 'init' at Wed, 18 Oct 2017 12:38:01 +0000. Up 21.62 seconds.
[   22.568823] cloud-init[938]: ci-info: ++++++++++++++++++++++++++++++++++++++Net device info++++++++++++++++++++++++++++++++++++++
[   22.585532] cloud-init[938]: ci-info: +--------+-------+----------------------------+---------------+-------+-------------------+
[   22.612542] cloud-init[938]: ci-info: | Device |   Up  |          Address           |      Mask     | Scope |     Hw-Address    |
[   22.649373] cloud-init[938]: ci-info: +--------+-------+----------------------------+---------------+-------+-------------------+
[   22.672415] cloud-init[938]: ci-info: | enp0s3 |  True |         10.0.2.15          | 255.255.255.0 |   .   | 02:14:68:3e:84:47 |
[   22.686300] cloud-init[938]: ci-info: | enp0s3 |  True | fe80::14:68ff:fe3e:8447/64 |       .       |  link | 02:14:68:3e:84:47 |
[   22.700129] cloud-init[938]: ci-info: | enp0s8 | False |             .              |       .       |   .   | 08:00:27:1e:b5:cd |
[   22.736703] cloud-init[938]: ci-info: |   lo   |  True |         127.0.0.1          |   255.0.0.0   |   .   |         .         |
[   22.760851] cloud-init[938]: ci-info: |   lo   |  True |          ::1/128           |       .       |  host |         .         |
[   22.761269] cloud-init[938]: ci-info: +--------+-------+----------------------------+---------------+-------+-------------------+
[[0;32m  OK  [0m] Started Initial cloud-init job (metadata service crawler).
[   22.761508] cloud-init[938]: ci-info: +++++++++++++++++++++++++++Route IPv4 info++++++++++++++++++++++++++++
[   22.858232] cloud-init[938]: ci-info: +-------+-------------+----------+---------------+-----------+-------+
[   22.860867] cloud-init[938]: ci-info: | Route | Destination | Gateway  |    Genmask    | Interface | Flags |
[   22.861533] cloud-init[938]: ci-info: +-------+-------------+----------+---------------+-----------+-------+
[[0;32m  OK  [0m] Reached target System Initialization.
[   22.861799] cloud-init[938]: ci-info: |   0   |   0.0.0.0   | 10.0.2.2 |    0.0.0.0    |   enp0s3  |   UG  |
[[   22.928152] cloud-init[938]: ci-info: |   1   |   10.0.2.0  | 0.0.0.0  | 255.255.255.0 |   enp0s3  |   U   |
[   22.929799] [0;32m  OK  [0mcloud-init] [938]: Started ACPI Events Check.ci-info: +-------+-------------+----------+---------------+-----------+-------+

[   22.931194] cloud-init[938]: Generating public/private rsa key pair.
[   22.959243] cloud-init[938]: Your identification has been saved in /etc/ssh/ssh_host_rsa_key.
[[0;32m  OK  [0m] Reached target Paths.
[[   22.959688] cloud-init[938]: Your public key has been saved in /etc/ssh/ssh_host_rsa_key.pub.
[   22.993473] cloud-init[938]: The key fingerprint is:
[   22.993708] cloud-init[938]: SHA256:SfUYSQ2YTik13TSlfXzK3nHVpsTsmJ/DKgIhzpvJz3A root@ubuntu-xenial
[   22.993964] cloud-init[938]: The key's randomart image is:
[   22.994371] cloud-init[938]: +---[RSA 2048]----+
[0;32m  OK  [0m] Started Timer to automatically fetch and run repair assertions.
[   22.994672] cloud-init[938]: |       .o*=*o..  |
[   23.054690] cloud-init[938]: |      . =oo+o* ..|
         [   23.060242] cloud-init[938]: |       +. . o = B|
[   23.061194] cloud-init[938]: |    . ....   * =o|
Starting Socket activation for snappy daemon.
[   23.062580] cloud-init[938]: |   o . .S   o =..|
[   23.096572] cloud-init[938]: |    o .      + oo|
[   23.097394] cloud-init[938]: |   ..+E.      * .|
[   23.099545] cloud-init[938]: |    =+  . .  . . |
[   23.100520] cloud-init[938]: |     .o  . ..    |
[   23.100606] cloud-init[938]: +----[SHA256]-----+
[[0;32m  OK  [0m] Started Timer to automatically refresh installed snaps.
[   23.100774] cloud-init[938]: Generating public/private dsa key pair.
[   23.177387] cloud-init[938]: Your identification has been saved in /etc/ssh/ssh_host_dsa_key.
[   23.177969] cloud-init[938]: Your public key has been saved in /etc/ssh/ssh_host_dsa_key.pub.
         Starting LXD - unix socket.
[   23.178170] cloud-init[938]: The key fingerprint is:
[   23.257663] cloud-init[938]: SHA256:49Jw/ZxfIxyCKDQhjEVebYgZS8XbBCEDl6hK8OoGZn0 root@ubuntu-xenial
[[0;32m  OK  [0m] Listening on D-Bus System Message Bus Socket.
[[   23.257874] cloud-init[938]: The key's randomart image is:
[   23.321224] cloud-init[938]: +---[DSA 1024]----+
[0;32m  OK  [0m] Started Daily Cleanup of Temporary Directories.
[[   23.321394] cloud-init[938]: | .BXB*=          |
[   23.350897] cloud-init[938]: |.o+=*o.+         |
[   23.351129] cloud-init[938]: |o. o o=          |
[0;32m  OK  [0m] Listening on ACPID Listen Socket.
[[0;32m  OK  [0m] Listening on UUID daemon activation socket.
[   23.351348] cloud-init[938]: |... .......      |
[   23.469264] cloud-init[938]: |o..  ...S... .   |
[   23.469656] cloud-init[938]: |+o . E.= . oo..  |
[[0;32m  OK  [0m] Reached target Cloud-config availability.
[   23.469839] cloud-init[938]: |=   . . o   +o ..|
[   23.537154] cloud-init[938]: | o     .     ....|
[[0;32m  OK  [0m] Reached target Network is Online.
[   23.537394] cloud-init[938]: |.             .  |
[   23.598041] cloud-init[938]: +----[SHA256]-----+
[   23.612847]          cloud-initStarting iSCSI initiator daemon (iscsid)...[938]: 
Generating public/private ecdsa key pair.
[   23.666275] [cloud-init[0;32m  OK  [0m[938]: ] Your identification has been saved in /etc/ssh/ssh_host_ecdsa_key.Started Daily apt download activities.

[   23.798780] [cloud-init[0;32m  OK  [0m[938]: ] Your public key has been saved in /etc/ssh/ssh_host_ecdsa_key.pub.Started Daily apt upgrade and clean activities.

[   23.799616] [cloud-init[0;32m  OK  [0m[938]: ] The key fingerprint is:Reached target Timers.

[   23.901943] [cloud-init[0;32m  OK  [0m[938]: ] SHA256:zev1K7JGB8LmBe6+R3CUHLa4JvndcjzybMOTK8g+lx4 root@ubuntu-xenialListening on Socket activation for snappy daemon.

[   23.944455] [cloud-init[0;32m  OK  [0m[938]: ] The key's randomart image is:Listening on LXD - unix socket.

[   23.981078] [cloud-init[0;32m  OK  [0m[938]: ] +---[ECDSA 256]---+Reached target Sockets.

[[0;32m  OK  [0m] Reached target Basic System.
[   23.981896] cloud-init[938]: |         .oo     |
         Starting LSB: Record successful boot for GRUB...
[   24.070969] cloud-init[938]: |        .o+.     |
         Starting LXD - container startup/shutdown...
[   24.122937] cloud-init[938]: |       o.o.      |
[   24.165422] cloud-init[938]: |       .*++      |
         Starting LSB: MD monitoring daemon...
[   24.188251] cloud-init[938]: |      o+S=o.     |
         Starting Login Service...
[   24.235408] cloud-init[938]: |       +o.o+.    |
[   24.272446] cloud-init[938]: |       o.+E+*.   |
[[0;32m  OK  [0m] Started Deferred execution scheduler.
[   24.299318] cloud-init[938]: |        =.BOBo   |
[   24.340586] [cloud-init[0;32m  OK  [0m[938]: ] |       .oB+=+=o. |Started Regular background program processing daemon.

[   24.341432] cloud-init[938]: +----[SHA256]-----+
[   24.392496]          cloud-initStarting /etc/rc.local Compatibility...[938]: 
Generating public/private ed25519 key pair.
[   24.428883] [[0;32m  OK  [0m] Started FUSE filesystem for LXC.
cloud-init[938]: Your identification has been saved in /etc/ssh/ssh_host_ed25519_key.
[   24.504649]          cloud-initStarting Apply the settings specified in cloud-config...[938]: 
Your public key has been saved in /etc/ssh/ssh_host_ed25519_key.pub.
[   24.552626] [cloud-init[0;32m  OK  [0m[938]: ] The key fingerprint is:Started ACPI event daemon.

         Starting Accounts Service...
[   24.619174] cloud-init[938]: SHA256:rfIKt5r5FU9LmaOtQGfr2PiURnpDHKqoe1arXyD/pMw root@ubuntu-xenial
[   24.684436]          cloud-initStarting Pollinate to seed the pseudo random number generator...[938]: 
The key's randomart image is:
[   24.685041] cloud-init[938]: +--[ED25519 256]--+
[   24.740598]          cloud-initStarting System Logging Service...[938]: 
|                 |
[   24.776459] cloud-init[938]: |                 |
[[0;32m  OK  [0m] Started Unattended Upgrades Shutdown.
[   24.777960] cloud-init[938]: |        .        |
[   24.818070] cloud-init[938]: |       o o o     |
[   24.833007] [cloud-init[0;32m  OK  [0m[938]: ] |  . . o S B      |Started D-Bus System Message Bus.

[   24.854088] cloud-init[938]: |   +.+ * @ o     |
[   24.868651] cloud-init[938]: |  ..+.B @ +      |
[   24.885053] cloud-init[938]: | .oo.X # o       |
         Starting Snappy daemon...
[   24.925164] cloud-init[938]: |o+.oEoBo*        |
[[0;32m  OK  [0m] Started System Logging Service.
[[0;32m  OK  [0m] Started iSCSI initiator daemon (iscsid).
[   25.003133] cloud-init[938]: +----[SHA256]-----+
[[0;32m  OK  [0m] Started LXD - container startup/shutdown.
[[0;32m  OK  [0m] Started /etc/rc.local Compatibility.
[[0;32m  OK  [0m] Started Snappy daemon.
[[0;32m  OK  [0m] Started LSB: Record successful boot for GRUB.
[[0;32m  OK  [0m] Started LSB: MD monitoring daemon.
[[0;32m  OK  [0m] Started Pollinate to seed the pseudo random number generator.
[[0;32m  OK  [0m] Started Login Service.
         Starting Authenticate and Authorize Users to Run Privileged Tasks...
         Starting OpenBSD Secure Shell server...
         Starting Auto import assertions from block devices...
         Starting Login to default iSCSI targets...
[[0;32m  OK  [0m] Started OpenBSD Secure Shell server.
[[0;32m  OK  [0m] Started Auto import assertions from block devices.
[[0;32m  OK  [0m] Started Authenticate and Authorize Users to Run Privileged Tasks.
[[0;32m  OK  [0m] Started Accounts Service.
[[0;32m  OK  [0m] Started Login to default iSCSI targets.
[[0;32m  OK  [0m] Reached target Remote File Systems (Pre).
[[0;32m  OK  [0m] Reached target Remote File Systems.
         Starting LSB: Set the CPU Frequency Scaling governor to "ondemand"...
         Starting LSB: daemon to balance interrupts for SMP systems...
         Starting LSB: VirtualBox Linux Additions...
[   25.681976] cloud-init[1066]: Generating locales (this might take a while)...
         Starting Permit User Sessions...
         Starting LSB: automatic crash report generation...
[[0;32m  OK  [0m] Started Permit User Sessions.
[[0;32m  OK  [0m] Started LSB: Set the CPU Frequency Scaling governor to "ondemand".
         Starting Hold until boot process finishes up...
         Starting Terminate Plymouth Boot Screen...
[[0;32m  OK  [0m] Started LSB: daemon to balance interrupts for SMP systems.
[[0;32m  OK  [0m] Started LSB: automatic crash report generation.
[[0;32m  OK  [0m] Started Hold until boot process finishes up.
[[0;32m  OK  [0m] Started Terminate Plymouth Boot Screen.
[[0;32m  OK  [0m] Started LSB: VirtualBox Linux Additions.
         Starting Set console scheme...
[[0;32m  OK  [0m] Started Getty on tty1.
[[0;32m  OK  [0m] Started Serial Getty on ttyS0.
[[0;32m  OK  [0m] Reached target Login Prompts.
[[0;32m  OK  [0m] Reached target Multi-User System.
[[0;32m  OK  [0m] Reached target Graphical Interface.
         Starting Update UTMP about System Runlevel Changes...
[[0;32m  OK  [0m] Started Set console scheme.
[[0;32m  OK  [0m] Started Update UTMP about System Runlevel Changes.
[   27.399232] cloud-init[1066]:   en_US.UTF-8... done
[   27.424820] cloud-init[1066]: Generation complete.
         Stopping OpenBSD Secure Shell server...
[[0;32m  OK  [0m] Stopped OpenBSD Secure Shell server.
         Starting OpenBSD Secure Shell server...
[[0;32m  OK  [0m] Started OpenBSD Secure Shell server.
[[0;32m  OK  [0m] Created slice User Slice of ubuntu.
         Starting User Manager for UID 1000...
[[0;32m  OK  [0m] Started User Manager for UID 1000.
[[0;32m  OK  [0m] Started Session 1 of user ubuntu.
[   27.930701] cloud-init[1066]: Cloud-init v. 0.7.9 running 'modules:config' at Wed, 18 Oct 2017 12:38:05 +0000. Up 25.24 seconds.
[[0;32m  OK  [0m] Started Apply the settings specified in cloud-config.
         Starting Execute cloud user/final scripts...
ci-info: no authorized ssh keys fingerprints found for user ubuntu.
<14>Oct 18 12:38:08 ec2: 
<14>Oct 18 12:38:08 ec2: #############################################################
<14>Oct 18 12:38:08 ec2: -----BEGIN SSH HOST KEY FINGERPRINTS-----
<14>Oct 18 12:38:08 ec2: 1024 SHA256:49Jw/ZxfIxyCKDQhjEVebYgZS8XbBCEDl6hK8OoGZn0 root@ubuntu-xenial (DSA)
<14>Oct 18 12:38:08 ec2: 256 SHA256:zev1K7JGB8LmBe6+R3CUHLa4JvndcjzybMOTK8g+lx4 root@ubuntu-xenial (ECDSA)
<14>Oct 18 12:38:08 ec2: 256 SHA256:rfIKt5r5FU9LmaOtQGfr2PiURnpDHKqoe1arXyD/pMw root@ubuntu-xenial (ED25519)
<14>Oct 18 12:38:08 ec2: 2048 SHA256:SfUYSQ2YTik13TSlfXzK3nHVpsTsmJ/DKgIhzpvJz3A root@ubuntu-xenial (RSA)
<14>Oct 18 12:38:08 ec2: -----END SSH HOST KEY FINGERPRINTS-----
<14>Oct 18 12:38:08 ec2: #############################################################
-----BEGIN SSH HOST KEY KEYS-----
ecdsa-sha2-nistp256 AAAAE2VjZHNhLXNoYTItbmlzdHAyNTYAAAAIbmlzdHAyNTYAAABBBA4cySyeLcF65996ApG1YKxatxpJyryZ+Hu92yGFmpmZRrIpzXYkPHhhSVtZGcRCyE7ddC6Erc9twddtQRn4Vzw= root@ubuntu-xenial
ssh-ed25519 AAAAC3NzaC1lZDI1NTE5AAAAIKtZ/4XsjKrcbV5Dx8HFbTQuupphynZkdKVZDMNVJaSw root@ubuntu-xenial
ssh-rsa AAAAB3NzaC1yc2EAAAADAQABAAABAQDBjmJsAiIoIBQRjOFR3RSfVGgqDP1c8LF/y2BXY6P1AZn8ZZO36c6FFukVkfKFn7OQAxoPKE32yhwzBXRrFwx5vDL1ktuDL7Ev4soCjOAhPNJenhor6z2FzOJbP/2dgKj7wc9w+ycR75IXZKwloNHbegVimGmtiQ8lve8iN/9nQEGmkNKsF7cip44CcYTmVQAt8Dcfbs4Nt9RWMfZOsPqlctC/1AwjCUM+tVEsyk7QacKJaDdbxRcDKU3N7SnpSiO3xMYIUvTlUPj/WCJRPdR3K64Qv35XYU2prN38RecFHtzdJywFGoSR3I09iT/hpuXoROcJAjwBTtGfqkSO3Yuf root@ubuntu-xenial
-----END SSH HOST KEY KEYS-----
[   29.150254] cloud-init[1354]: Cloud-init v. 0.7.9 running 'modules:final' at Wed, 18 Oct 2017 12:38:08 +0000. Up 28.59 seconds.
[   29.170777] cloud-init[1354]: ci-info: no authorized ssh keys fingerprints found for user ubuntu.
[   29.201023] cloud-init[1354]: Cloud-init v. 0.7.9 finished at Wed, 18 Oct 2017 12:38:08 +0000. Datasource DataSourceNoCloud [seed=/dev/sdb][dsmode=net].  Up 29.13 seconds
[[0;32m  OK  [0m] Started Execute cloud user/final scripts.
[[0;32m  OK  [0m] Reached target Cloud-init target.

Ubuntu 16.04.3 LTS ubuntu-xenial ttyS0

ubuntu-xenial login: 