[    0.000000] Initializing cgroup subsys cpuset
[    0.000000] Initializing cgroup subsys cpu
[    0.000000] Initializing cgroup subsys cpuacct
[    0.000000] Linux version 4.4.0-97-generic (buildd@lcy01-33) (gcc version 5.4.0 20160609 (Ubuntu 5.4.0-6ubuntu1~16.04.4) ) #120-Ubuntu SMP Tue Sep 19 17:28:18 UTC 2017 (Ubuntu 4.4.0-97.120-generic 4.4.87)
[    0.000000] Command line: BOOT_IMAGE=/boot/vmlinuz-4.4.0-97-generic root=LABEL=cloudimg-rootfs ro console=tty1 console=ttyS0
[    0.000000] KERNEL supported cpus:
[    0.000000]   Intel GenuineIntel
[    0.000000]   AMD AuthenticAMD
[    0.000000]   Centaur CentaurHauls
[    0.000000] x86/fpu: xstate_offset[2]:  576, xstate_sizes[2]:  256
[    0.000000] x86/fpu: Supporting XSAVE feature 0x01: 'x87 floating point registers'
[    0.000000] x86/fpu: Supporting XSAVE feature 0x02: 'SSE registers'
[    0.000000] x86/fpu: Supporting XSAVE feature 0x04: 'AVX registers'
[    0.000000] x86/fpu: Enabled xstate features 0x7, context size is 832 bytes, using 'standard' format.
[    0.000000] x86/fpu: Using 'lazy' FPU context switches.
[    0.000000] e820: BIOS-provided physical RAM map:
[    0.000000] BIOS-e820: [mem 0x0000000000000000-0x000000000009fbff] usable
[    0.000000] BIOS-e820: [mem 0x000000000009fc00-0x000000000009ffff] reserved
[    0.000000] BIOS-e820: [mem 0x00000000000f0000-0x00000000000fffff] reserved
[    0.000000] BIOS-e820: [mem 0x0000000000100000-0x000000003ffeffff] usable
[    0.000000] BIOS-e820: [mem 0x000000003fff0000-0x000000003fffffff] ACPI data
[    0.000000] BIOS-e820: [mem 0x00000000fec00000-0x00000000fec00fff] reserved
[    0.000000] BIOS-e820: [mem 0x00000000fee00000-0x00000000fee00fff] reserved
[    0.000000] BIOS-e820: [mem 0x00000000fffc0000-0x00000000ffffffff] reserved
[    0.000000] NX (Execute Disable) protection: active
[    0.000000] SMBIOS 2.5 present.
[    0.000000] Hypervisor detected: KVM
[    0.000000] e820: last_pfn = 0x3fff0 max_arch_pfn = 0x400000000
[    0.000000] MTRR: Disabled
[    0.000000] x86/PAT: MTRRs disabled, skipping PAT initialization too.
[    0.000000] CPU MTRRs all blank - virtualized system.
[    0.000000] x86/PAT: Configuration [0-7]: WB  WT  UC- UC  WB  WT  UC- UC  
[    0.000000] found SMP MP-table at [mem 0x0009fff0-0x0009ffff] mapped at [ffff88000009fff0]
[    0.000000] Scanning 1 areas for low memory corruption
[    0.000000] RAMDISK: [mem 0x36adc000-0x37565fff]
[    0.000000] ACPI: Early table checksum verification disabled
[    0.000000] ACPI: RSDP 0x00000000000E0000 000024 (v02 VBOX  )
[    0.000000] ACPI: XSDT 0x000000003FFF0030 00003C (v01 VBOX   VBOXXSDT 00000001 ASL  00000061)
[    0.000000] ACPI: FACP 0x000000003FFF00F0 0000F4 (v04 VBOX   VBOXFACP 00000001 ASL  00000061)
[    0.000000] ACPI: DSDT 0x000000003FFF0470 0021FF (v02 VBOX   VBOXBIOS 00000002 INTL 20100528)
[    0.000000] ACPI: FACS 0x000000003FFF0200 000040
[    0.000000] ACPI: FACS 0x000000003FFF0200 000040
[    0.000000] ACPI: APIC 0x000000003FFF0240 00005C (v02 VBOX   VBOXAPIC 00000001 ASL  00000061)
[    0.000000] ACPI: SSDT 0x000000003FFF02A0 0001CC (v01 VBOX   VBOXCPUT 00000002 INTL 20100528)
[    0.000000] No NUMA configuration found
[    0.000000] Faking a node at [mem 0x0000000000000000-0x000000003ffeffff]
[    0.000000] NODE_DATA(0) allocated [mem 0x3ffeb000-0x3ffeffff]
[    0.000000] kvm-clock: Using msrs 4b564d01 and 4b564d00
[    0.000000] kvm-clock: cpu 0, msr 0:3ffe3001, primary cpu clock
[    0.000000] kvm-clock: using sched offset of 3140921933 cycles
[    0.000000] clocksource: kvm-clock: mask: 0xffffffffffffffff max_cycles: 0x1cd42e4dffb, max_idle_ns: 881590591483 ns
[    0.000000] Zone ranges:
[    0.000000]   DMA      [mem 0x0000000000001000-0x0000000000ffffff]
[    0.000000]   DMA32    [mem 0x0000000001000000-0x000000003ffeffff]
[    0.000000]   Normal   empty
[    0.000000]   Device   empty
[    0.000000] Movable zone start for each node
[    0.000000] Early memory node ranges
[    0.000000]   node   0: [mem 0x0000000000001000-0x000000000009efff]
[    0.000000]   node   0: [mem 0x0000000000100000-0x000000003ffeffff]
[    0.000000] Initmem setup node 0 [mem 0x0000000000001000-0x000000003ffeffff]
[    0.000000] ACPI: PM-Timer IO Port: 0x4008
[    0.000000] IOAPIC[0]: apic_id 2, version 32, address 0xfec00000, GSI 0-23
[    0.000000] ACPI: INT_SRC_OVR (bus 0 bus_irq 0 global_irq 2 dfl dfl)
[    0.000000] ACPI: INT_SRC_OVR (bus 0 bus_irq 9 global_irq 9 high level)
[    0.000000] Using ACPI (MADT) for SMP configuration information
[    0.000000] smpboot: Allowing 2 CPUs, 0 hotplug CPUs
[    0.000000] PM: Registered nosave memory: [mem 0x00000000-0x00000fff]
[    0.000000] PM: Registered nosave memory: [mem 0x0009f000-0x0009ffff]
[    0.000000] PM: Registered nosave memory: [mem 0x000a0000-0x000effff]
[    0.000000] PM: Registered nosave memory: [mem 0x000f0000-0x000fffff]
[    0.000000] e820: [mem 0x40000000-0xfebfffff] available for PCI devices
[    0.000000] Booting paravirtualized kernel on KVM
[    0.000000] clocksource: refined-jiffies: mask: 0xffffffff max_cycles: 0xffffffff, max_idle_ns: 7645519600211568 ns
[    0.000000] setup_percpu: NR_CPUS:512 nr_cpumask_bits:512 nr_cpu_ids:2 nr_node_ids:1
[    0.000000] PERCPU: Embedded 34 pages/cpu @ffff88003fc00000 s98328 r8192 d32744 u1048576
[    0.000000] PV qspinlock hash table entries: 256 (order: 0, 4096 bytes)
[    0.000000] Built 1 zonelists in Node order, mobility grouping on.  Total pages: 257913
[    0.000000] Policy zone: DMA32
[    0.000000] Kernel command line: BOOT_IMAGE=/boot/vmlinuz-4.4.0-97-generic root=LABEL=cloudimg-rootfs ro console=tty1 console=ttyS0
[    0.000000] PID hash table entries: 4096 (order: 3, 32768 bytes)
[    0.000000] Memory: 1001772K/1048120K available (8480K kernel code, 1294K rwdata, 3984K rodata, 1492K init, 1316K bss, 46348K reserved, 0K cma-reserved)
[    0.000000] SLUB: HWalign=64, Order=0-3, MinObjects=0, CPUs=2, Nodes=1
[    0.000000] Hierarchical RCU implementation.
[    0.000000] 	Build-time adjustment of leaf fanout to 64.
[    0.000000] 	RCU restricting CPUs from NR_CPUS=512 to nr_cpu_ids=2.
[    0.000000] RCU: Adjusting geometry for rcu_fanout_leaf=64, nr_cpu_ids=2
[    0.000000] NR_IRQS:33024 nr_irqs:440 16
[    0.000000] Console: colour VGA+ 80x25
[    0.000000] console [tty1] enabled
[    0.000000] console [ttyS0] enabled
[    0.000000] tsc: Detected 1599.999 MHz processor
[    3.937323] Calibrating delay loop (skipped) preset value.. 3199.99 BogoMIPS (lpj=6399996)
[    4.015047] pid_max: default: 32768 minimum: 301
[    4.070731] ACPI: Core revision 20150930
[    4.099168] ACPI: 2 ACPI AML tables successfully acquired and loaded
[    4.132904] Security Framework initialized
[    4.169867] Yama: becoming mindful.
[    4.210287] AppArmor: AppArmor initialized
[    4.262215] Dentry cache hash table entries: 131072 (order: 8, 1048576 bytes)
[    4.329091] Inode-cache hash table entries: 65536 (order: 7, 524288 bytes)
[    4.380997] Mount-cache hash table entries: 2048 (order: 2, 16384 bytes)
[    4.423046] Mountpoint-cache hash table entries: 2048 (order: 2, 16384 bytes)
[    4.489493] Initializing cgroup subsys io
[    4.525683] Initializing cgroup subsys memory
[    4.579332] Initializing cgroup subsys devices
[    4.630700] Initializing cgroup subsys freezer
[    4.666842] Initializing cgroup subsys net_cls
[    4.713003] Initializing cgroup subsys perf_event
[    4.746030] Initializing cgroup subsys net_prio
[    4.775912] Initializing cgroup subsys hugetlb
[    4.798639] Initializing cgroup subsys pids
[    4.804640] CPU: Physical Processor ID: 0
[    4.818247] CPU: Processor Core ID: 0
[    4.827547] mce: CPU supports 0 MCE banks
[    4.832567] Last level iTLB entries: 4KB 64, 2MB 8, 4MB 8
[    4.849328] Last level dTLB entries: 4KB 64, 2MB 0, 4MB 0, 1GB 4
[    4.869804] Freeing SMP alternatives memory: 32K
[    4.886620] ftrace: allocating 32148 entries in 126 pages
[    4.938671] smpboot: APIC(0) Converting physical 0 to logical package 0
[    4.996964] smpboot: Max logical packages: 1
[    5.030738] x2apic enabled
[    5.069748] Switched APIC routing to physical x2apic.
[    5.143118] ..TIMER: vector=0x30 apic1=0 pin1=2 apic2=-1 pin2=-1
[    5.304198] smpboot: CPU0: Intel(R) Core(TM) i5-5250U CPU @ 1.60GHz (family: 0x6, model: 0x3d, stepping: 0x4)
[    5.387595] Performance Events: unsupported p6 CPU model 61 no PMU driver, software events only.
[    5.439353] KVM setup paravirtual spinlock
[    5.447486] x86: Booting SMP configuration:
[    5.484630] .... node  #0, CPUs:      #1
[    5.544196] kvm-clock: cpu 1, msr 0:3ffe3041, secondary cpu clock
[    5.560935] mce: CPU supports 0 MCE banks
[    5.566362] x86: Booted up 1 node, 2 CPUs
[    5.583889] smpboot: Total of 2 processors activated (6399.99 BogoMIPS)
[    5.653756] devtmpfs: initialized
[    5.681268] evm: security.selinux
[    5.705587] evm: security.SMACK64
[    5.725363] evm: security.SMACK64EXEC
[    5.762503] evm: security.SMACK64TRANSMUTE
[    5.823390] evm: security.SMACK64MMAP
[    5.880766] evm: security.ima
[    5.906032] evm: security.capability
[    5.910025] clocksource: jiffies: mask: 0xffffffff max_cycles: 0xffffffff, max_idle_ns: 7645041785100000 ns
[    5.913299] futex hash table entries: 512 (order: 3, 32768 bytes)
[    5.915519] pinctrl core: initialized pinctrl subsystem
[    5.923311] RTC time: 15:43:21, date: 10/18/17
[    5.927216] NET: Registered protocol family 16
[    5.948277] cpuidle: using governor ladder
[    5.964479] cpuidle: using governor menu
[    5.968444] PCCT header not found.
[    5.974294] ACPI: bus type PCI registered
[    5.980852] acpiphp: ACPI Hot Plug PCI Controller Driver version: 0.5
[    5.996865] PCI: Using configuration type 1 for base access
[    6.025849] ACPI: Added _OSI(Module Device)
[    6.028341] ACPI: Added _OSI(Processor Device)
[    6.062108] ACPI: Added _OSI(3.0 _SCP Extensions)
[    6.087587] ACPI: Added _OSI(Processor Aggregator Device)
[    6.102241] ACPI: Executed 1 blocks of module-level executable AML code
[    6.129016] ACPI: Interpreter enabled
[    6.130375] ACPI: (supports S0 S5)
[    6.154190] ACPI: Using IOAPIC for interrupt routing
[    6.200179] PCI: Using host bridge windows from ACPI; if necessary, use "pci=nocrs" and report a bug
[    6.257222] ACPI: PCI Root Bridge [PCI0] (domain 0000 [bus 00-ff])
[    6.296782] acpi PNP0A03:00: _OSC: OS supports [ASPM ClockPM Segments MSI]
[    6.333660] acpi PNP0A03:00: _OSC: not requesting OS control; OS requires [ExtendedConfig ASPM ClockPM MSI]
[    6.419514] acpi PNP0A03:00: fail to add MMCONFIG information, can't access extended PCI configuration space under this bridge.
[    6.484914] PCI host bridge to bus 0000:00
[    6.528724] pci_bus 0000:00: root bus resource [io  0x0000-0x0cf7 window]
[    6.572958] pci_bus 0000:00: root bus resource [io  0x0d00-0xffff window]
[    6.627812] pci_bus 0000:00: root bus resource [mem 0x000a0000-0x000bffff window]
[    6.675829] pci_bus 0000:00: root bus resource [mem 0x40000000-0xffdfffff window]
[    6.731671] pci_bus 0000:00: root bus resource [bus 00-ff]
[    6.770852] pci 0000:00:01.1: legacy IDE quirk: reg 0x10: [io  0x01f0-0x01f7]
[    6.830530] pci 0000:00:01.1: legacy IDE quirk: reg 0x14: [io  0x03f6]
[    6.875765] pci 0000:00:01.1: legacy IDE quirk: reg 0x18: [io  0x0170-0x0177]
[    6.936984] pci 0000:00:01.1: legacy IDE quirk: reg 0x1c: [io  0x0376]
[    7.010016] pci 0000:00:07.0: quirk: [io  0x4000-0x403f] claimed by PIIX4 ACPI
[    7.037272] pci 0000:00:07.0: quirk: [io  0x4100-0x410f] claimed by PIIX4 SMB
[    7.083351] ACPI: PCI Interrupt Link [LNKA] (IRQs 5 9 10 *11)
[    7.143339] ACPI: PCI Interrupt Link [LNKB] (IRQs 5 9 10 *11)
[    7.168323] ACPI: PCI Interrupt Link [LNKC] (IRQs 5 9 *10 11)
[    7.214598] ACPI: PCI Interrupt Link [LNKD] (IRQs 5 *9 10 11)
[    7.260263] ACPI: Enabled 2 GPEs in block 00 to 07
[    7.275348] vgaarb: setting as boot device: PCI:0000:00:02.0
[    7.324080] vgaarb: device added: PCI:0000:00:02.0,decodes=io+mem,owns=io+mem,locks=none
[    7.388236] vgaarb: loaded
[    7.404006] vgaarb: bridge control possible 0000:00:02.0
[    7.453560] SCSI subsystem initialized
[    7.487645] ACPI: bus type USB registered
[    7.529023] usbcore: registered new interface driver usbfs
[    7.587620] usbcore: registered new interface driver hub
[    7.630727] usbcore: registered new device driver usb
[    7.671378] PCI: Using ACPI for IRQ routing
[    7.702729] NetLabel: Initializing
[    7.734930] NetLabel:  domain hash size = 128
[    7.762008] NetLabel:  protocols = UNLABELED CIPSOv4
[    7.797332] NetLabel:  unlabeled traffic allowed by default
[    7.822494] amd_nb: Cannot enumerate AMD northbridges
[    7.860256] clocksource: Switched to clocksource kvm-clock
[    7.912418] AppArmor: AppArmor Filesystem Enabled
[    7.997098] pnp: PnP ACPI init
[    8.053093] pnp: PnP ACPI: found 3 devices
[    8.128176] clocksource: acpi_pm: mask: 0xffffff max_cycles: 0xffffff, max_idle_ns: 2085701024 ns
[    8.227703] NET: Registered protocol family 2
[    8.284136] TCP established hash table entries: 8192 (order: 4, 65536 bytes)
[    8.301324] TCP bind hash table entries: 8192 (order: 5, 131072 bytes)
[    8.396406] TCP: Hash tables configured (established 8192 bind 8192)
[    8.413038] UDP hash table entries: 512 (order: 2, 16384 bytes)
[    8.414601] UDP-Lite hash table entries: 512 (order: 2, 16384 bytes)
[    8.416254] NET: Registered protocol family 1
[    8.449886] pci 0000:00:00.0: Limiting direct PCI/PCI transfers
[    8.488400] pci 0000:00:01.0: Activating ISA DMA hang workarounds
[    8.533289] Unpacking initramfs...
[   10.803241] Freeing initrd memory: 10792K
[   10.828590] RAPL PMU detected, API unit is 2^-32 Joules, 4 fixed counters 10737418240 ms ovfl timer
[   10.901941] hw unit of domain pp0-core 2^-0 Joules
[   10.947192] hw unit of domain package 2^-0 Joules
[   10.962323] hw unit of domain dram 2^-0 Joules
[   10.981911] hw unit of domain pp1-gpu 2^-0 Joules
[   11.025589] platform rtc_cmos: registered platform RTC device (no PNP device found)
[   11.076745] Scanning for low memory corruption every 60 seconds
[   11.096774] audit: initializing netlink subsys (disabled)
[   11.098058] audit: type=2000 audit(1508341403.976:1): initialized
[   11.141841] Initialise system trusted keyring
[   11.149828] HugeTLB registered 2 MB page size, pre-allocated 0 pages
[   11.207915] zbud: loaded
[   11.241800] VFS: Disk quotas dquot_6.6.0
[   11.255395] VFS: Dquot-cache hash table entries: 512 (order 0, 4096 bytes)
[   11.293634] squashfs: version 4.0 (2009/01/31) Phillip Lougher
[   11.337469] fuse init (API version 7.23)
[   11.366300] Key type big_key registered
[   11.373504] Allocating IMA MOK and blacklist keyrings.
[   11.463059] Key type asymmetric registered
[   11.506335] Asymmetric key parser 'x509' registered
[   11.565132] Block layer SCSI generic (bsg) driver version 0.4 loaded (major 249)
[   11.578355] io scheduler noop registered
[   11.586442] io scheduler deadline registered (default)
[   11.619873] io scheduler cfq registered
[   11.635607] pci_hotplug: PCI Hot Plug PCI Core version: 0.5
[   11.680168] pciehp: PCI Express Hot Plug Controller Driver version: 0.4
[   11.732680] ACPI: AC Adapter [AC] (off-line)
[   11.747344] input: Power Button as /devices/LNXSYSTM:00/LNXPWRBN:00/input/input0
[   11.817033] ACPI: Power Button [PWRF]
[   11.836316] input: Sleep Button as /devices/LNXSYSTM:00/LNXSLPBN:00/input/input1
[   11.966846] ACPI: Sleep Button [SLPF]
[   12.016149] GHES: HEST is not enabled!
[   12.017253] ACPI: Battery Slot [BAT0] (battery present)
[   12.083656] tsc: Refined TSC clocksource calibration: 1599.564 MHz
[   12.170454] clocksource: tsc: mask: 0xffffffffffffffff max_cycles: 0x170e892d278, max_idle_ns: 440795285506 ns
[   12.170656] Serial: 8250/16550 driver, 32 ports, IRQ sharing enabled
[   12.314264] 00:02: ttyS0 at I/O 0x3f8 (irq = 4, base_baud = 115200) is a 16550A
[   12.319267] Linux agpgart interface v0.103
[   12.323130] loop: module loaded
[   12.323938] scsi host0: ata_piix
[   12.324004] scsi host1: ata_piix
[   12.324038] ata1: PATA max UDMA/33 cmd 0x1f0 ctl 0x3f6 bmdma 0xd000 irq 14
[   12.324039] ata2: PATA max UDMA/33 cmd 0x170 ctl 0x376 bmdma 0xd008 irq 15
[   12.324124] libphy: Fixed MDIO Bus: probed
[   12.324127] tun: Universal TUN/TAP device driver, 1.6
[   12.324127] tun: (C) 1999-2004 Max Krasnyansky <maxk@qualcomm.com>
[   12.324533] PPP generic driver version 2.4.2
[   12.324597] ehci_hcd: USB 2.0 'Enhanced' Host Controller (EHCI) Driver
[   12.324602] ehci-pci: EHCI PCI platform driver
[   12.324621] ehci-platform: EHCI generic platform driver
[   12.324631] ohci_hcd: USB 1.1 'Open' Host Controller (OHCI) Driver
[   12.324635] ohci-pci: OHCI PCI platform driver
[   12.324644] ohci-platform: OHCI generic platform driver
[   12.324652] uhci_hcd: USB Universal Host Controller Interface driver
[   12.324715] i8042: PNP: PS/2 Controller [PNP0303:PS2K,PNP0f03:PS2M] at 0x60,0x64 irq 1,12
[   12.331324] serio: i8042 KBD port at 0x60,0x64 irq 1
[   12.331330] serio: i8042 AUX port at 0x60,0x64 irq 12
[   12.331530] mousedev: PS/2 mouse device common for all mice
[   12.331895] rtc_cmos rtc_cmos: rtc core: registered rtc_cmos as rtc0
[   12.331957] rtc_cmos rtc_cmos: alarms up to one day, 114 bytes nvram
[   12.331962] i2c /dev entries driver
[   12.332019] device-mapper: uevent: version 1.0.3
[   12.332073] device-mapper: ioctl: 4.34.0-ioctl (2015-10-28) initialised: dm-devel@redhat.com
[   12.332089] ledtrig-cpu: registered to indicate activity on CPUs
[   12.332352] NET: Registered protocol family 10
[   12.332565] NET: Registered protocol family 17
[   12.332575] Key type dns_resolver registered
[   12.370106] microcode: CPU0 sig=0x306d4, pf=0x40, revision=0x0
[   12.370139] microcode: CPU1 sig=0x306d4, pf=0x40, revision=0x0
[   12.370252] microcode: Microcode Update Driver: v2.01 <tigran@aivazian.fsnet.co.uk>, Peter Oruba
[   12.370439] registered taskstats version 1
[   12.370459] Loading compiled-in X.509 certificates
[   12.371162] Loaded X.509 cert 'Build time autogenerated kernel key: d1010f9627fd9242df4b03365d2931dfd1ad3d42'
[   12.371184] zswap: loaded using pool lzo/zbud
[   12.373109] Key type trusted registered
[   12.375506] Key type encrypted registered
[   12.375512] AppArmor: AppArmor sha1 policy hashing enabled
[   12.375515] ima: No TPM chip found, activating TPM-bypass!
[   12.375535] evm: HMAC attrs: 0x1
[   12.375855]   Magic number: 5:652:740
[   12.390031] rtc_cmos rtc_cmos: setting system clock to 2017-10-18 15:43:27 UTC (1508341407)
[   12.390246] BIOS EDD facility v0.16 2004-Jun-25, 0 devices found
[   12.390247] EDD information not available.
[   12.551795] input: AT Translated Set 2 keyboard as /devices/platform/i8042/serio0/input/input2
[   13.311174] Freeing unused kernel memory: 1492K
[   13.352732] Write protecting the kernel read-only data: 14336k
[   13.417025] Freeing unused kernel memory: 1748K
[   13.466517] Freeing unused kernel memory: 112K
Loading, please wait...
[   13.537069] random: systemd-udevd: uninitialized urandom read (16 bytes read, 7 bits of entropy available)
starting version 229
[   13.537772] random: udevadm: uninitialized urandom read (16 bytes read, 7 bits of entropy available)
[   13.537814] random: udevadm: uninitialized urandom read (16 bytes read, 7 bits of entropy available)
[   13.537931] random: udevadm: uninitialized urandom read (16 bytes read, 7 bits of entropy available)
[   13.537973] random: udevadm: uninitialized urandom read (16 bytes read, 7 bits of entropy available)
[   13.538015] random: udevadm: uninitialized urandom read (16 bytes read, 7 bits of entropy available)
[   13.538065] random: udevadm: uninitialized urandom read (16 bytes read, 7 bits of entropy available)
[   13.538106] random: udevadm: uninitialized urandom read (16 bytes read, 7 bits of entropy available)
[   13.538145] random: udevadm: uninitialized urandom read (16 bytes read, 7 bits of entropy available)
[   13.538185] random: udevadm: uninitialized urandom read (16 bytes read, 7 bits of entropy available)
[   13.888106] Fusion MPT base driver 3.04.20
[   13.908745] Copyright (c) 1999-2008 LSI Corporation
[   13.949745] e1000: Intel(R) PRO/1000 Network Driver - version 7.3.21-k8-NAPI
[   13.961352] e1000: Copyright (c) 1999-2006 Intel Corporation.
[   13.978315] Fusion MPT SPI Host driver 3.04.20
[   14.001761] AVX version of gcm_enc/dec engaged.
[   14.019344] AES CTR mode by8 optimization enabled
[   14.195556] input: ImExPS/2 Generic Explorer Mouse as /devices/platform/i8042/serio1/input/input4
[   14.365984] e1000 0000:00:03.0 eth0: (PCI:33MHz:32-bit) 02:14:68:3e:84:47
[   14.437350] e1000 0000:00:03.0 eth0: Intel(R) PRO/1000 Network Connection
[   14.483600] mptbase: ioc0: Initiating bringup
[   14.589409] ioc0: LSI53C1030 A0: Capabilities={Initiator}
[   14.835209] scsi host2: ioc0: LSI53C1030 A0, FwRev=00000000h, Ports=1, MaxQ=256, IRQ=20
[   14.992676] scsi 2:0:0:0: Direct-Access     VBOX     HARDDISK         1.0  PQ: 0 ANSI: 5
[   15.067504] scsi target2:0:0: Beginning Domain Validation
[   15.088055] scsi target2:0:0: Domain Validation skipping write tests
[   15.089903] scsi target2:0:0: Ending Domain Validation
[   15.093492] scsi target2:0:0: asynchronous
[   15.103703] scsi 2:0:1:0: Direct-Access     VBOX     HARDDISK         1.0  PQ: 0 ANSI: 5
[   15.125122] scsi target2:0:1: Beginning Domain Validation
[   15.133523] scsi target2:0:1: Domain Validation skipping write tests
[   15.141155] scsi target2:0:1: Ending Domain Validation
[   15.159912] scsi target2:0:1: asynchronous
[   15.173475] sd 2:0:0:0: Attached scsi generic sg0 type 0
[   15.182585] sd 2:0:0:0: [sda] 20971520 512-byte logical blocks: (10.7 GB/10.0 GiB)
[   15.188048] sd 2:0:0:0: [sda] Write Protect is off
[   15.197398] sd 2:0:1:0: [sdb] 20480 512-byte logical blocks: (10.5 MB/10.0 MiB)
[   15.207806] sd 2:0:1:0: Attached scsi generic sg1 type 0
[   15.210037] sd 2:0:0:0: [sda] Incomplete mode parameter data
[   15.214347] sd 2:0:0:0: [sda] Assuming drive cache: write through
[   15.215717] sd 2:0:1:0: [sdb] Write Protect is off
[   15.218111] sd 2:0:1:0: [sdb] Incomplete mode parameter data
[   15.228493] sd 2:0:1:0: [sdb] Assuming drive cache: write through
[   15.239298]  sda: sda1
[   15.243050] sd 2:0:0:0: [sda] Attached SCSI disk
[   15.246005] sd 2:0:1:0: [sdb] Attached SCSI disk
[   15.409457] e1000 0000:00:08.0 eth1: (PCI:33MHz:32-bit) 08:00:27:59:ef:05
[   15.462088] e1000 0000:00:08.0 eth1: Intel(R) PRO/1000 Network Connection
[   15.479141] e1000 0000:00:08.0 enp0s8: renamed from eth1
[   15.505115] e1000 0000:00:03.0 enp0s3: renamed from eth0
[   16.997252] floppy0: no floppy controllers found
Begin: Loading e[   18.498217] md: linear personality registered for level -1
ssential drivers ... [   18.605600] md: multipath personality registered for level -4
[   18.611497] md: raid0 personality registered for level 0
[   18.694759] md: raid1 personality registered for level 1
[   18.788522] raid6: sse2x1   gen()  5788 MB/s
[   18.876564] raid6: sse2x1   xor()  5406 MB/s
[   18.996323] raid6: sse2x2   gen()  9206 MB/s
[   19.076323] raid6: sse2x2   xor()  5656 MB/s
[   19.160331] raid6: sse2x4   gen() 10364 MB/s
[   19.240461] raid6: sse2x4   xor()  7192 MB/s
[   19.248999] raid6: using algorithm sse2x4 gen() 10364 MB/s
[   19.254129] raid6: .... xor() 7192 MB/s, rmw enabled
[   19.257394] raid6: using ssse3x2 recovery algorithm
[   19.282071] xor: automatically using best checksumming function:
[   19.352846]    avx       : 17862.000 MB/sec
[   19.378258] async_tx: api initialized (async)
[   19.392025] md: raid6 personality registered for level 6
[   19.394299] md: raid5 personality registered for level 5
[   19.396523] md: raid4 personality registered for level 4
[   19.412848] md: raid10 personality registered for level 10
done.
Begin: Running /scripts/init-premount ... done.
Begin: Mounting root file system ... Begin: Running /scripts/local-top ... done.
Begin: Running /scripts/local-premount ... [   19.554225] Btrfs loaded
Scanning for Btrfs filesystems
done.
Warning: fsck not present, so skipping root file[   19.701150] EXT4-fs (sda1): mounted filesystem with ordered data mode. Opts: (null)
 system
done.
Begin: Running /scripts/local-bottom ... done.
Begin: Running /scripts/init-bottom ... done.
[   19.879076] systemd[1]: systemd 229 running in system mode. (+PAM +AUDIT +SELINUX +IMA +APPARMOR +SMACK +SYSVINIT +UTMP +LIBCRYPTSETUP +GCRYPT +GNUTLS +ACL +XZ -LZ4 +SECCOMP +BLKID +ELFUTILS +KMOD -IDN)
[   19.942215] systemd[1]: Detected virtualization oracle.
[   20.008579] systemd[1]: Detected architecture x86-64.

Welcome to [1mUbuntu 16.04.3 LTS[0m!

[   20.041377] systemd[1]: Set hostname to <ubuntu>.
[   20.048104] systemd[1]: Initializing machine ID from random generator.
[   20.072443] systemd[1]: Installed transient /etc/machine-id file.
[   20.362289] systemd[1]: Listening on /dev/initctl Compatibility Named Pipe.
[[0;32m  OK  [0m] Listening on /dev/initctl Compatibility Named Pipe.
[   20.425153] systemd[1]: Listening on Journal Socket (/dev/log).
[[0;32m  OK  [0m] Listening on Journal Socket (/dev/log).
[   20.536896] systemd[1]: Listening on Device-mapper event daemon FIFOs.
[[0;32m  OK  [0m] Listening on Device-mapper event daemon FIFOs.
[   20.576015] systemd[1]: Listening on LVM2 poll daemon socket.
[[0;32m  OK  [0m] Listening on LVM2 poll daemon socket.
[   20.585967] systemd[1]: Started Forward Password Requests to Wall Directory Watch.
[[0;32m  OK  [0m] Started Forward Password Requests to Wall Directory Watch.
[   20.621895] systemd[1]: Listening on Journal Socket.
[[0;32m  OK  [0m] Listening on Journal Socket.
[   20.645279] systemd[1]: Listening on udev Control Socket.
[[0;32m  OK  [0m] Listening on udev Control Socket.
[   20.700212] systemd[1]: Created slice System Slice.
[[0;32m  OK  [0m] Created slice System Slice.
[   20.737141] systemd[1]: Starting Create list of required static device nodes for the current kernel...
         Starting Create list of required st... nodes for the current kernel...
[   20.812430] systemd[1]: Created slice system-serial\x2dgetty.slice.
[[0;32m  OK  [0m] Created slice system-serial\x2dgetty.slice.
[   21.004808] systemd[1]: Mounting POSIX Message Queue File System...
[   21.005368] random: nonblocking pool is initialized
         Mounting POSIX Message Queue File System...
[   21.145444] systemd[1]: Set up automount Arbitrary Executable File Formats File System Automount Point.
[[0;32m  OK  [0m] Set up automount Arbitrary Executab...ats File System Automount Point.
[   21.289166] systemd[1]: Starting Nameserver information manager...
         Starting Nameserver information manager...
[   21.373313] systemd[1]: Starting Uncomplicated firewall...
         Starting Uncomplicated firewall...
[   21.413160] systemd[1]: Listening on Journal Audit Socket.
[[0;32m  OK  [0m] Listening on Journal Audit Socket.
[   21.445381] systemd[1]: Listening on udev Kernel Socket.
[[0;32m  OK  [0m] Listening on udev Kernel Socket.
[   21.472774] systemd[1]: Listening on LVM2 metadata daemon socket.
[[0;32m  OK  [0m] Listening on LVM2 metadata daemon socket.
[   21.584663] systemd[1]: Starting Monitoring of LVM2 mirrors, snapshots etc. using dmeventd or progress polling...
         Starting Monitoring of LVM2 mirrors... dmeventd or progress polling...
[   21.689043] systemd[1]: Mounting Debug File System...
         Mounting Debug File System...
[   21.712954] systemd[1]: Reached target Swap.
[[0;32m  OK  [0m] Reached target Swap.
[   21.772860] systemd[1]: Reached target Encrypted Volumes.
[[0;32m  OK  [0m] Reached target Encrypted Volumes.
[   21.896706] systemd[1]: Starting Load Kernel Modules...
[   21.961107] Loading iSCSI transport class v2.0-870.
         Startin[   21.976091] iscsi: registered transport (tcp)
g Load Kernel Modules...
[   22.033130] systemd[1]: Created slice User and Session Slice.
[[0;32m  OK  [0m] Created slic[   22.056562] iscsi: registered transport (iser)
e User and Session Slice.
[   22.108904] systemd[1]: Reached target Slices.
[[0;32m  OK  [0m] Reached target Slices.
[   22.188904] systemd[1]: Reached target User and Group Name Lookups.
[[0;32m  OK  [0m] Reached target User and Group Name Lookups.
[   22.265294] systemd[1]: Mounting Huge Pages File System...
         Mounting Huge Pages File System...
[   22.290358] systemd[1]: Starting Set console keymap...
         Starting Set console keymap...
[   22.324702] systemd[1]: Listening on Syslog Socket.
[[0;32m  OK  [0m] Listening on Syslog Socket.
[   22.381538] systemd[1]: Starting Journal Service...
         Starting Journal Service...
[   22.477446] systemd[1]: Started Trigger resolvconf update for networkd DNS.
[[0;32m  OK  [0m] Started Trigger resolvconf update for networkd DNS.
[   22.621284] systemd[1]: Starting Remount Root and Kernel File Systems...
[   22.625047] EXT4-fs (sda1): re-mounted. Opts: (null)
         Starting Remount Root and Kernel File Systems...
[   22.733510] systemd[1]: Mounted Debug File System.
[[0;32m  OK  [0m] Mounted Debug File System.
[   22.776872] systemd[1]: Mounted Huge Pages File System.
[[0;32m  OK  [0m] Mounted Huge Pages File System.
[   22.818903] systemd[1]: Mounted POSIX Message Queue File System.
[[0;32m  OK  [0m] Mounted POSIX Message Queue File System.
[   22.924087] systemd[1]: Started Journal Service.
[[0;32m  OK  [0m] Started Journal Service.
[[0;32m  OK  [0m] Started Create list of required sta...ce nodes for the current kernel.
[[0;32m  OK  [0m] Started Uncomplicated firewall.
[[0;32m  OK  [0m] Started Load Kernel Modules.
[[0;32m  OK  [0m] Started Set console keymap.
[[0;32m  OK  [0m] Started Remount Root and Kernel File Systems.
[[0;32m  OK  [0m] Started Nameserver information manager.
[[0;32m  OK  [0m] Started LVM2 metadata daemon.
         Starting Initial cloud-init job (pre-networking)...
         Starting udev Coldplug all Devices...
         Starting Load/Save Random Seed...
         Starting Apply Kernel Variables...
         Mounting FUSE Control File System...
         Starting Create Static Device Nodes in /dev...
         Starting Flush Journal to Persistent Storage...
[[0;32m  OK  [0m] Mounted FUSE Control File System.
[[0;32m  OK  [0m] Started Monitoring of LVM2 mirrors,...ng dmeventd or progress polling.
[[0;32m  OK  [0m] Started Load/Save Random Seed.
[[0;32m  OK  [0m] Started Apply Kernel Variables.
[[0;32m  OK  [0m] Started Create Static Device Nodes in /dev.
[[0;32m  OK  [0m] Started udev Coldplug all Devices.
[[0;32m  OK  [0m] Started Flush Journal to Persistent Storage.
         Starting udev Kernel Device Manager...
[[0;32m  OK  [0m] Started udev Kernel Device Manager.
[[0;32m  OK  [0m] Reached target Local File Systems (Pre).
[[0;32m  OK  [0m] Reached target Local File Systems.
         Starting Commit a transient machine-id on disk...
         Starting Create Volatile Files and Directories...
         Starting Set console font and keymap...
         Starting Tell Plymouth To Write Out Runtime Data...
         Starting LSB: AppArmor initialization...
[[0;32m  OK  [0m] Started Dispatch Password Requests to Console Directory Watch.
[[0;32m  OK  [0m] Started Commit a transient machine-id on disk.
[[0;32m  OK  [0m] Started Create Volatile Files and Directories.
[[0;32m  OK  [0m] Started Tell Plymouth To Write Out Runtime Data.
         Starting Update UTMP about System Boot/Shutdown...
[[0;32m  OK  [0m] Reached target System Time Synchronized.
[[0;32m  OK  [0m] Started Update UTMP about System Boot/Shutdown.
[[0;32m  OK  [0m] Found device /dev/ttyS0.
[[0;32m  OK  [0m] Listening on Load/Save RF Kill Switch Status /dev/rfkill Watch.
[   18.514037] cloud-init[440]: Cloud-init v. 0.7.9 running 'init-local' at Wed, 18 Oct 2017 15:43:40 +0000. Up 17.86 seconds.
[[0;32m  OK  [0m] Started Initial cloud-init job (pre-networking).
[[0;32m  OK  [0m] Started Set console font and keymap.
[[0;32m  OK  [0m] Started LSB: AppArmor initialization.
[[0;32m  OK  [0m] Created slice system-getty.slice.
[[0;32m  OK  [0m] Reached target Network (Pre).
         Starting Raise network interfaces...
[[0;32m  OK  [0m] Started Raise network interfaces.
         Starting Initial cloud-init job (metadata service crawler)...
[[0;32m  OK  [0m] Reached target Network.
[   23.941775] cloud-init[951]: Cloud-init v. 0.7.9 running 'init' at Wed, 18 Oct 2017 15:43:44 +0000. Up 22.04 seconds.
[   24.032863] [cloud-init[0;32m  OK  [0m[951]: ] ci-info: ++++++++++++++++++++++++++++++++++++++Net device info++++++++++++++++++++++++++++++++++++++Started Initial cloud-init job (metadata service crawler).

[   24.033733] cloud-init[951]: ci-info: +--------+-------+----------------------------+---------------+-------+-------------------+
[   24.192938] [cloud-init[0;32m  OK  [0m[951]: ] ci-info: | Device |   Up  |          Address           |      Mask     | Scope |     Hw-Address    |Reached target Cloud-config availability.

[   24.193711] [cloud-init[0;32m  OK  [0m[951]: ] ci-info: +--------+-------+----------------------------+---------------+-------+-------------------+Reached target System Initialization.

[   24.460712] [cloud-init[0;32m  OK  [0m[951]: ] ci-info: | enp0s8 | False |             .              |       .       |   .   | 08:00:27:59:ef:05 |Started ACPI Events Check.

[   24.568622] [cloud-init[0;32m  OK  [0m[951]: ] ci-info: | enp0s3 |  True |         10.0.2.15          | 255.255.255.0 |   .   | 02:14:68:3e:84:47 |Reached target Paths.

[   24.569317] cloud-init[951]: ci-info: | enp0s3 |  True | fe80::14:68ff:fe3e:8447/64 |       .       |  link | 02:14:68:3e:84:47 |
[   24.668743]          cloud-initStarting LXD - unix socket.[951]: 
ci-info: |   lo   |  True |         127.0.0.1          |   255.0.0.0   |   .   |         .         |
[   24.756667] [cloud-init[0;32m  OK  [0m[951]: ] ci-info: |   lo   |  True |          ::1/128           |       .       |  host |         .         |Started Timer to automatically refresh installed snaps.

[   24.757498] cloud-init[951]: ci-info: +--------+-------+----------------------------+---------------+-------+-------------------+
[[0;32m  OK  [0m] Started Timer to automatically fetch and run repair assertions.
         Starting Socket activation for snappy daemon.
[[0;32m  OK  [0m] Listening on UUID daemon activation socket.
[[0;32m  OK  [0m] Listening on ACPID Listen Socket.
[[0;32m  OK  [0m] Listening on D-Bus System Message Bus Socket.
[[0;32m  OK  [0m] Started Daily Cleanup of Temporary Directories.
[   24.852286] cloud-init[951]: ci-info: +++++++++++++++++++++++++++Route IPv4 info++++++++++++++++++++++++++++
[   25.044842] [cloud-init[0;32m  OK  [0m[951]: ] ci-info: +-------+-------------+----------+---------------+-----------+-------+Reached target Network is Online.

[   25.045739] cloud-init[951]: ci-info: | Route | Destination | Gateway  |    Genmask    | Interface | Flags |
[   25.124652]          cloud-initStarting iSCSI initiator daemon (iscsid)...[951]: 
ci-info: +-------+-------------+----------+---------------+-----------+-------+
[   25.171540] [[0;32m  OK  [0m] Started Daily apt download activities.
cloud-init[951]: ci-info: |   0   |   0.0.0.0   | 10.0.2.2 |    0.0.0.0    |   enp0s3  |   UG  |
[   25.272699] [cloud-init[0;32m  OK  [0m[951]: ci-info: |   1   |   10.0.2.0  | 0.0.0.0  | 255.255.255.0 |   enp0s3  |   U   |
] Started Daily apt upgrade and clean activities.
[[0;32m  OK  [0m] Reached target Timers.
[   25.273561] cloud-init[951]: ci-info: +-------+-------------+----------+---------------+-----------+-------+
[   25.364561] [cloud-init[0;32m  OK  [0m[951]: ] Generating public/private rsa key pair.Listening on LXD - unix socket.

[   25.365383] [[0;32m  OK  [0m] Listening on Socket activation for snappy daemon.
cloud-init[951]: Your identification has been saved in /etc/ssh/ssh_host_rsa_key.
[   25.520664] cloud-init[951]: Your public key has been saved in /etc/ssh/ssh_host_rsa_key.pub.
[   25.533502] cloud-init[951]: The key fingerprint is:
[   25.568442] cloud-init[951]: SHA256:usHLP+Hf6BWqWBh/B3dOnku2Kx34S75o5ThJlb9WjMU root@ubuntu-xenial
[   25.613032] cloud-init[951]: The key's randomart image is:
[   25.636682] cloud-init[951]: +---[RSA 2048]----+
[   25.667008] cloud-init[951]: |                 |
[   25.676687] cloud-init[951]: |                 |
[[0;32m  OK  [0m] Reached target Sockets.
[[0;32m  OK  [0m] Reached target Basic System.
[   25.700648] cloud-init[951]: |               o |
         Starting LSB: Record successful boot for GRUB...
[   25.753913] cloud-init[951]: |              o E|
[   25.793064] [cloud-init[0;32m  OK  [0m[951]: ] |      . S . ooo= |Started ACPI event daemon.

[[0;32m  OK  [0m] Started Regular background program processing daemon.
[   25.828282] cloud-init[951]: |     . =.  +o*+.+|
         Starting Accounts Service...
[   25.892042] cloud-init[951]: |      =.o.o.oBB.o|
[   25.952437]          cloud-initStarting /etc/rc.local Compatibility...[951]: 
|     . *oo =**+= |
[   26.000449]          cloud-initStarting LSB: MD monitoring daemon...[951]: 
|      =.o++.ooO+ |
[   26.001131] cloud-init[951]: +----[SHA256]-----+
[   26.052428]          cloud-initStarting System Logging Service...[951]: 
Generating public/private dsa key pair.
[   26.112589]          cloud-initStarting LXD - container startup/shutdown...[951]: 
Your identification has been saved in /etc/ssh/ssh_host_dsa_key.
[   26.217710]          cloud-initStarting Snappy daemon...[951]: 
Your public key has been saved in /etc/ssh/ssh_host_dsa_key.pub.
[   26.352576]          cloud-initStarting Apply the settings specified in cloud-config...[951]: 
The key fingerprint is:
[   26.452713] [cloud-init[0;32m  OK  [0m[951]: ] SHA256:fcdazve2anK1bc7lNm/tJQrv+t5A4I0Gh+s8hI1xyf4 root@ubuntu-xenialStarted Deferred execution scheduler.

[   26.453562] cloud-init[951]: The key's randomart image is:
[   26.637633]          cloud-initStarting Pollinate to seed the pseudo random number generator...[951]: 
+---[DSA 1024]----+
[   26.712220]          cloud-initStarting Login Service...[951]: 
|                 |
[[0;32m  OK  [0m] Started Unattended Upgrades Shutdown.
[   26.764768] cloud-init[951]: |       . o       |
[   26.868482] [cloud-init[0;32m  OK  [0m[951]: ] |      . * o      |Started D-Bus System Message Bus.

[   26.869189] cloud-init[951]: |       B * + .   |
[   26.964474] cloud-init[[951]: [0;32m  OK  [0m|      o S = + +  |] 
Started FUSE filesystem for LXC.
[   26.965279] cloud-init[951]: |       + o o * . |
[   27.043262] [cloud-init[0;32m  OK  [0m[951]: ] |        + E o = B|Started System Logging Service.

[   27.043985] [cloud-init[0;32m  OK  [0m[951]: ] |         . + * B@|Started Snappy daemon.

[   27.173748] [cloud-init[0;32m  OK  [0m[951]: ] |          .=X.oO@|Started iSCSI initiator daemon (iscsid).

[   27.174568] cloud-init[951]: +----[SHA256]-----+
[   27.274532] [cloud-init[0;32m  OK  [0m[951]: ] Generating public/private ecdsa key pair.Started /etc/rc.local Compatibility.

[   27.275517] cloud-init[951]: Your identification has been saved in /etc/ssh/ssh_host_ecdsa_key.
[   27.367506] cloud-init[951]: Your public key has been saved in /etc/ssh/ssh_host_ecdsa_key.pub.
[[0;32m  OK  [0m] Started LXD - container startup/shutdown.
[   27.391211] cloud-init[951]: The key fingerprint is:
[[0;32m  OK  [0m] Started Pollinate to seed the pseudo random number generator.
[   27.417721] cloud-init[951]: SHA256:VtIHWFAfw0QV9Dj4wV/3lOLT0g5jx0MaVkTOMwrv7uU root@ubuntu-xenial
[   27.450908] cloud-init[951]: The key's randomart image is:
[   27.469980] cloud-init[951]: +---[ECDSA 256]---+
[   27.475923] cloud-init[951]: |        .=++=o*= |
[[0;32m  OK  [0m] Started LSB: Record successful boot for GRUB.
[   27.483448] cloud-init[951]: |        .. o.=+o.|
[   27.512929] cloud-init[951]: |        . o.++=B=|
[   27.525953] cloud-init[951]: |         o .=.X=*|
[   27.534630] cloud-init[951]: |        S    @.*o|
[   27.551417] cloud-init[951]: |       .    o B .|
[[0;32m  OK  [0m] Started LSB: MD monitoring daemon.
[   27.569949] cloud-init[951]: |             . o |
[   27.621453] cloud-init[951]: |            . o  |
[[0;32m  OK  [0m[   27.632352] cloud-init[951]: |            .o E |
[   27.634651] cloud-init[951]: +----[SHA256]-----+] Started Login Service.

[   27.644858] cloud-init[951]: Generating public/private ed25519 key pair.
         Starting Authenticate and Authorize Users to Run Privileged Tasks...
[   27.654598] cloud-init[951]: Your identification has been saved in /etc/ssh/ssh_host_ed25519_key.
[   27.687033]          Starting OpenBSD Secure Shell server...
         cloud-init[951]: Your public key has been saved in /etc/ssh/ssh_host_ed25519_key.pub.Starting Login to default iSCSI targets...
[   27.718165] cloud-init[951]: The key fingerprint is:
[   27.719180] cloud-init[951]: SHA256:Bu5gfRtublXIwH8bO562JoalmmCeSzB6/poLX+Rdwn8 root@ubuntu-xenial
[   27.720829] cloud-init[951]: The key's randomart image is:
[   27.721006] cloud-init[951]: +--[ED25519 256]--+
[   27.723477] cloud-init[951]: |       .         |
[   27.723837] cloud-init[951]: |        o        |
[   27.724512] cloud-init[951]: |      .  + .     |
[   27.724689] cloud-init[951]: |     + .  + +    |
[   27.725937] cloud-init[951]: |  o + = S  o +   |
[   27.726125] cloud-init[951]: | . * + B oo +    |
[   27.726321] cloud-init[951]: |o . * o ==E. o   |

[   27.793425] cloud-init[951]: | = * o ++.o =    |
[   27.793879] cloud-init[951]: |  *+=.oo.. +..   |
[   27.794449] cloud-init[951]: +----[SHA256]-----+
         Starting Auto import assertions from block devices...
[[0;32m  OK  [0m] Started OpenBSD Secure Shell server.
[[0;32m  OK  [0m[   27.806326] cloud-init[1090]: Generating locales (this might take a while)...
] Started Auto import assertions from block devices.
[[0;32m  OK  [0m] Started Authenticate and Authorize Users to Run Privileged Tasks.
[[0;32m  OK  [0m] Started Accounts Service.
[[0;32m  OK  [0m] Started Login to default iSCSI targets.
[[0;32m  OK  [0m] Reached target Remote File Systems (Pre).
[[0;32m  OK  [0m] Reached target Remote File Systems.
         Starting LSB: VirtualBox Linux Additions...
         Starting LSB: daemon to balance interrupts for SMP systems...
         Starting LSB: automatic crash report generation...
         Starting LSB: Set the CPU Frequency Scaling governor to "ondemand"...
         Starting Permit User Sessions...
[[0;32m  OK  [0m] Started Permit User Sessions.
         Starting Terminate Plymouth Boot Screen...
         Starting Hold until boot process finishes up...
[[0;32m  OK  [0m] Started LSB: Set the CPU Frequency Scaling governor to "ondemand".
[[0;32m  OK  [0m] Started LSB: daemon to balance interrupts for SMP systems.
[[0;32m  OK  [0m] Started LSB: automatic crash report generation.
[[0;32m  OK  [0m] Started Terminate Plymouth Boot Screen.
[[0;32m  OK  [0m] Started Hold until boot process finishes up.
[[0;32m  OK  [0m] Started Getty on tty1.
         Starting Set console scheme...
[[0;32m  OK  [0m] Started Serial Getty on ttyS0.
[[0;32m  OK  [0m] Reached target Login Prompts.
[[0;32m  OK  [0m] Started LSB: VirtualBox Linux Additions.
[[0;32m  OK  [0m] Started Set console scheme.
[[0;32m  OK  [0m] Reached target Multi-User System.
[[0;32m  OK  [0m] Reached target Graphical Interface.
         Starting Update UTMP about System Runlevel Changes...
[[0;32m  OK  [0m] Started Update UTMP about System Runlevel Changes.
[   29.088415] cloud-init[1090]:   en_US.UTF-8... done
[   29.098344] cloud-init[1090]: Generation complete.
         Stopping OpenBSD Secure Shell server...
[[0;32m  OK  [0m] Stopped OpenBSD Secure Shell server.
         Starting OpenBSD Secure Shell server...
[[0;32m  OK  [0m] Started OpenBSD Secure Shell server.
[[0;32m  OK  [0m] Created slice User Slice of ubuntu.
         Starting User Manager for UID 1000...
[[0;32m  OK  [0m] Started Session 1 of user ubuntu.
[[0;32m  OK  [0m] Started User Manager for UID 1000.
[   29.907322] cloud-init[1090]: Cloud-init v. 0.7.9 running 'modules:config' at Wed, 18 Oct 2017 15:43:49 +0000. Up 26.85 seconds.
[[0;32m  OK  [0m] Started Apply the settings specified in cloud-config.
         Starting Execute cloud user/final scripts...
ci-info: no authorized ssh keys fingerprints found for user ubuntu.
<14>Oct 18 15:43:53 ec2: 
<14>Oct 18 15:43:53 ec2: #############################################################
<14>Oct 18 15:43:53 ec2: -----BEGIN SSH HOST KEY FINGERPRINTS-----
<14>Oct 18 15:43:53 ec2: 1024 SHA256:fcdazve2anK1bc7lNm/tJQrv+t5A4I0Gh+s8hI1xyf4 root@ubuntu-xenial (DSA)
<14>Oct 18 15:43:53 ec2: 256 SHA256:VtIHWFAfw0QV9Dj4wV/3lOLT0g5jx0MaVkTOMwrv7uU root@ubuntu-xenial (ECDSA)
<14>Oct 18 15:43:53 ec2: 256 SHA256:Bu5gfRtublXIwH8bO562JoalmmCeSzB6/poLX+Rdwn8 root@ubuntu-xenial (ED25519)
<14>Oct 18 15:43:53 ec2: 2048 SHA256:usHLP+Hf6BWqWBh/B3dOnku2Kx34S75o5ThJlb9WjMU root@ubuntu-xenial (RSA)
<14>Oct 18 15:43:53 ec2: -----END SSH HOST KEY FINGERPRINTS-----
<14>Oct 18 15:43:53 ec2: #############################################################
-----BEGIN SSH HOST KEY KEYS-----
ecdsa-sha2-nistp256 AAAAE2VjZHNhLXNoYTItbmlzdHAyNTYAAAAIbmlzdHAyNTYAAABBBAdBe9RqSIzyqRfGFUbNImJ0XkqEBXwupmneoj1RfInKhG7Q5izK8VsZ01FgCtMZooL+aEe+Vo8BEYBXfNvvShY= root@ubuntu-xenial
ssh-ed25519 AAAAC3NzaC1lZDI1NTE5AAAAIOT++hdZTwLjdHd7Tv5KGmOM7wC46dEyahVdjB4zmO3v root@ubuntu-xenial
ssh-rsa AAAAB3NzaC1yc2EAAAADAQABAAABAQDFzs3VpnDpT/yAns4lIfxOGFsgsgRSJbIk0F290GRO79EC6nrX5Fqk/QK+vjH0+Cu5YHj2EpQk5kdP25wG2b10Q8KtXBOgme8GcGpyXsgtN6gcGbDVYSXBIIRW/t4iSLjeSNqd1NBOz/0bhuL9e/v8lmCQi8Q3OrpGlEkfCMs85QXw8KN7HnGAWvX1aXfcpgvA6P92UcHeBJx1zP7AISVyQkayfD7/j0OaA8GqF3nBTqO5El5NzWaSeXz6xmdhSA0cT6TjN1BQnMY/Dl7qqrxcaabdMnNTvlEPd5rfTCETzzmy/zBL6B2s0IgjUuiHIi55HDl0wzlDXWB4hWCVLVZF root@ubuntu-xenial
-----END SSH HOST KEY KEYS-----
[   31.318024] cloud-init[1391]: Cloud-init v. 0.7.9 running 'modules:final' at Wed, 18 Oct 2017 15:43:52 +0000. Up 30.61 seconds.
[   31.367083] cloud-init[1391]: ci-info: no authorized ssh keys fingerprints found for user ubuntu.
[   31.380761] cloud-init[1391]: Cloud-init v. 0.7.9 finished at Wed, 18 Oct 2017 15:43:53 +0000. Datasource DataSourceNoCloud [seed=/dev/sdb][dsmode=net].  Up 31.31 seconds
[[0;32m  OK  [0m] Started Execute cloud user/final scripts.
[[0;32m  OK  [0m] Reached target Cloud-init target.

Ubuntu 16.04.3 LTS ubuntu-xenial ttyS0

ubuntu-xenial login: 